<?xml version="1.0" encoding="UTF-8"?>
<testsuites name="jest tests" tests="815" failures="0" errors="0" time="634.411">
  <testsuite name="aiInsights.service — getAiInsights" errors="0" failures="0" skipped="0" timestamp="2026-05-03T22:51:50" time="48.801" tests="7">
    <testcase classname="aiInsights.service — getAiInsights" name="uses heuristic fallback when Ollama is unavailable" time="0.17">
    </testcase>
    <testcase classname="aiInsights.service — getAiInsights" name="uses heuristic fallback when Ollama returns non-ok response" time="0.014">
    </testcase>
    <testcase classname="aiInsights.service — getAiInsights" name="uses heuristic fallback when AI response has invalid shape" time="0.022">
    </testcase>
    <testcase classname="aiInsights.service — getAiInsights" name="returns cached result on second call without forceRefresh" time="0.014">
    </testcase>
    <testcase classname="aiInsights.service — getAiInsights" name="returns AI result when Ollama responds correctly" time="0.001">
    </testcase>
    <testcase classname="aiInsights.service — getAiInsights" name="clamps score to 0-100 range" time="0.001">
    </testcase>
    <testcase classname="aiInsights.service — heuristicInsights logic" name="adds risk for high block rate" time="0.013">
    </testcase>
  </testsuite>
  <testsuite name="ai.service — detectIntents" errors="0" failures="0" skipped="0" timestamp="2026-05-03T22:52:39" time="36.771" tests="35">
    <testcase classname="ai.service — detectIntents" name="detects orders intent" time="0.001">
    </testcase>
    <testcase classname="ai.service — detectIntents" name="detects invoices intent" time="0">
    </testcase>
    <testcase classname="ai.service — detectIntents" name="detects quotes intent" time="0.001">
    </testcase>
    <testcase classname="ai.service — detectIntents" name="detects projects intent" time="0">
    </testcase>
    <testcase classname="ai.service — detectIntents" name="detects products intent" time="0">
    </testcase>
    <testcase classname="ai.service — detectIntents" name="detects subscription intent" time="0.001">
    </testcase>
    <testcase classname="ai.service — detectIntents" name="detects artisans intent" time="0">
    </testcase>
    <testcase classname="ai.service — detectIntents" name="detects service requests intent" time="0">
    </testcase>
    <testcase classname="ai.service — detectIntents" name="detects reviews intent" time="0">
    </testcase>
    <testcase classname="ai.service — detectIntents" name="detects promo intent" time="0.001">
    </testcase>
    <testcase classname="ai.service — detectIntents" name="returns general for unrecognized message" time="0">
    </testcase>
    <testcase classname="ai.service — detectIntents" name="detects multiple intents" time="0">
    </testcase>
    <testcase classname="ai.service — detectIntents" name="detects users intent" time="0">
    </testcase>
    <testcase classname="ai.service — detectIntents" name="detects availability intent" time="0">
    </testcase>
    <testcase classname="ai.service — fetchContext" name="returns context object for orders intent" time="5.123">
    </testcase>
    <testcase classname="ai.service — fetchContext" name="returns context for products intent" time="0.002">
    </testcase>
    <testcase classname="ai.service — fetchContext" name="handles DB errors gracefully" time="0.035">
    </testcase>
    <testcase classname="ai.service — fetchContext" name="returns context for projects intent" time="0.002">
    </testcase>
    <testcase classname="ai.service — fetchContext" name="returns context for general intent" time="0.003">
    </testcase>
    <testcase classname="ai.service — fetchContext" name="returns context for service requests" time="0.026">
    </testcase>
    <testcase classname="ai.service — helper functions via fetchContext" name="detects artisan filters from message" time="0.004">
    </testcase>
    <testcase classname="ai.service — helper functions via fetchContext" name="detects service request filters - open" time="0.013">
    </testcase>
    <testcase classname="ai.service — helper functions via fetchContext" name="detects service request filters - completed" time="0.002">
    </testcase>
    <testcase classname="ai.service — helper functions via fetchContext" name="detects user role filter - prescripteur" time="0.018">
    </testcase>
    <testcase classname="ai.service — helper functions via fetchContext" name="detects user role filter - supplier" time="0.002">
    </testcase>
    <testcase classname="ai.service — helper functions via fetchContext" name="fetches reviews data" time="0.002">
    </testcase>
    <testcase classname="ai.service — helper functions via fetchContext" name="fetches promo codes" time="0.004">
    </testcase>
    <testcase classname="ai.service — helper functions via fetchContext" name="fetches availability data" time="0.003">
    </testcase>
    <testcase classname="ai.service — helper functions via fetchContext" name="fetches invoices data" time="0.019">
    </testcase>
    <testcase classname="ai.service — helper functions via fetchContext" name="fetches quotes data" time="0.014">
    </testcase>
    <testcase classname="ai.service — buildMessages" name="builds message array with system and user messages" time="0.01">
    </testcase>
    <testcase classname="ai.service — buildMessages" name="handles empty history" time="0.001">
    </testcase>
    <testcase classname="ai.service — buildMessages" name="includes user name in system message" time="0.002">
    </testcase>
    <testcase classname="ai.service — buildMessages" name="includes context data in system message" time="0.001">
    </testcase>
    <testcase classname="ai.service — buildMessages" name="handles history with multiple turns" time="0.001">
    </testcase>
  </testsuite>
  <testsuite name="authService.register" errors="0" failures="0" skipped="0" timestamp="2026-05-03T22:53:16" time="25.206" tests="49">
    <testcase classname="authService.register" name="throws 400 for invalid role" time="0.001">
    </testcase>
    <testcase classname="authService.register" name="throws 400 for ADMIN role" time="0">
    </testcase>
    <testcase classname="authService.register" name="throws 409 if email already exists" time="0.001">
    </testcase>
    <testcase classname="authService.register" name="creates user and returns devLink when email not configured" time="0.022">
    </testcase>
    <testcase classname="authService.register" name="sends verification email when email is configured" time="0.001">
    </testcase>
    <testcase classname="authService.login" name="throws 401 for empty identifier" time="0">
    </testcase>
    <testcase classname="authService.login" name="throws 401 if user not found" time="0.001">
    </testcase>
    <testcase classname="authService.login" name="throws 400 if user has no password (Google account)" time="0">
    </testcase>
    <testcase classname="authService.login" name="throws 401 for wrong password" time="0">
    </testcase>
    <testcase classname="authService.login" name="throws 403 if email not verified (non-phone login)" time="0.001">
    </testcase>
    <testcase classname="authService.login" name="throws 403 if account is blocked" time="0">
    </testcase>
    <testcase classname="authService.login" name="unblocks user if blockedUntil has passed" time="0">
    </testcase>
    <testcase classname="authService.login" name="returns token and user on success" time="0.001">
    </testcase>
    <testcase classname="authService.login" name="allows phone login even if email not verified" time="0.001">
    </testcase>
    <testcase classname="authService.verifyEmail" name="throws 400 if token missing" time="0">
    </testcase>
    <testcase classname="authService.verifyEmail" name="throws 400 if token invalid or expired" time="0">
    </testcase>
    <testcase classname="authService.verifyEmail" name="verifies email and clears token" time="0">
    </testcase>
    <testcase classname="authService.resendVerification" name="throws 400 if email missing" time="0.001">
    </testcase>
    <testcase classname="authService.resendVerification" name="returns ok silently if user not found" time="0">
    </testcase>
    <testcase classname="authService.resendVerification" name="returns ok if already verified" time="0.001">
    </testcase>
    <testcase classname="authService.resendVerification" name="sends email and returns devLink when not configured" time="0.001">
    </testcase>
    <testcase classname="authService.changePassword" name="throws 404 if user not found" time="0">
    </testcase>
    <testcase classname="authService.changePassword" name="throws 400 if new password too short" time="0.001">
    </testcase>
    <testcase classname="authService.changePassword" name="throws 401 if current password wrong" time="0">
    </testcase>
    <testcase classname="authService.changePassword" name="changes password successfully" time="0">
    </testcase>
    <testcase classname="authService.forgotPassword" name="throws 400 if email missing" time="0.001">
    </testcase>
    <testcase classname="authService.forgotPassword" name="returns ok silently if user not found" time="0">
    </testcase>
    <testcase classname="authService.forgotPassword" name="returns ok silently if user not active" time="0">
    </testcase>
    <testcase classname="authService.forgotPassword" name="saves reset token and returns devLink when email not configured" time="0.001">
    </testcase>
    <testcase classname="authService.resetPassword" name="throws 400 if token missing" time="0.001">
    </testcase>
    <testcase classname="authService.resetPassword" name="throws 400 if new password too short" time="0">
    </testcase>
    <testcase classname="authService.resetPassword" name="throws 400 if token invalid or expired" time="0.001">
    </testcase>
    <testcase classname="authService.resetPassword" name="resets password successfully" time="0">
    </testcase>
    <testcase classname="authService.setRole" name="throws 400 for invalid role" time="0">
    </testcase>
    <testcase classname="authService.setRole" name="throws 400 for ADMIN role" time="0.001">
    </testcase>
    <testcase classname="authService.setRole" name="throws 404 if user not found" time="0">
    </testcase>
    <testcase classname="authService.setRole" name="sets role and returns token" time="0">
    </testcase>
    <testcase classname="authService.phoneStart" name="throws 400 if phone missing" time="0.001">
    </testcase>
    <testcase classname="authService.phoneStart" name="throws 404 if phone not found" time="0">
    </testcase>
    <testcase classname="authService.phoneStart" name="throws 403 if user blocked" time="0">
    </testcase>
    <testcase classname="authService.phoneStart" name="sends SMS and returns ok" time="0">
    </testcase>
    <testcase classname="authService.phoneVerify" name="throws 400 if phone or code missing" time="0">
    </testcase>
    <testcase classname="authService.phoneVerify" name="throws 404 if user not found" time="0">
    </testcase>
    <testcase classname="authService.phoneVerify" name="throws 401 if code invalid" time="0.001">
    </testcase>
    <testcase classname="authService.phoneVerify" name="returns token on success" time="0">
    </testcase>
    <testcase classname="authService.phoneVerify" name="returns needsRole=true for REGISTER_ROLE user" time="0">
    </testcase>
    <testcase classname="authService.updateProfile" name="throws 404 if user not found" time="0.059">
    </testcase>
    <testcase classname="authService.updateProfile" name="updates basic fields for non-supplier" time="0.007">
    </testcase>
    <testcase classname="authService.updateProfile" name="creates supplier profile if not exists" time="0.005">
    </testcase>
  </testsuite>
  <testsuite name="serviceRequests.create" errors="0" failures="0" skipped="0" timestamp="2026-05-03T22:53:41" time="25.445" tests="23">
    <testcase classname="serviceRequests.create" name="returns 400 if title missing" time="0.002">
    </testcase>
    <testcase classname="serviceRequests.create" name="returns 400 if trade missing" time="0">
    </testcase>
    <testcase classname="serviceRequests.create" name="creates service request and returns 201" time="0">
    </testcase>
    <testcase classname="serviceRequests.create" name="calls next on DB error" time="0">
    </testcase>
    <testcase classname="serviceRequests.listMine" name="returns list of service requests" time="0">
    </testcase>
    <testcase classname="serviceRequests.listMine" name="calls next on error" time="0">
    </testcase>
    <testcase classname="serviceRequests.getOne" name="returns 404 if not found" time="0.001">
    </testcase>
    <testcase classname="serviceRequests.getOne" name="returns service request with enriched applications" time="0">
    </testcase>
    <testcase classname="serviceRequests.listOpen (artisan)" name="returns open service requests" time="0.001">
    </testcase>
    <testcase classname="serviceRequests.listOpen (artisan)" name="calls next on error" time="0">
    </testcase>
    <testcase classname="serviceRequests.apply" name="returns 400 if service request not found" time="0">
    </testcase>
    <testcase classname="serviceRequests.apply" name="returns 400 if already applied" time="0">
    </testcase>
    <testcase classname="serviceRequests.apply" name="returns 400 if max applicants reached" time="0.001">
    </testcase>
    <testcase classname="serviceRequests.remove" name="returns 404 if not found" time="0">
    </testcase>
    <testcase classname="serviceRequests.remove" name="deletes and returns ok" time="0">
    </testcase>
    <testcase classname="serviceRequests.changeStatus" name="returns 400 for invalid status" time="0.005">
    </testcase>
    <testcase classname="serviceRequests.changeStatus" name="returns 404 if not found" time="0.001">
    </testcase>
    <testcase classname="serviceRequests.changeStatus" name="changes status successfully" time="0">
    </testcase>
    <testcase classname="serviceRequests.myApplications" name="returns artisan applications" time="0.001">
    </testcase>
    <testcase classname="serviceRequests.withdraw" name="returns 404 if not found" time="0">
    </testcase>
    <testcase classname="serviceRequests.withdraw" name="returns 400 if not open" time="0.001">
    </testcase>
    <testcase classname="serviceRequests.getOpenOne" name="returns 404 if not found" time="0">
    </testcase>
    <testcase classname="serviceRequests.getOpenOne" name="returns service request" time="0">
    </testcase>
  </testsuite>
  <testsuite name="admin.aiInsights.service — getAiInsights" errors="0" failures="0" skipped="0" timestamp="2026-05-03T22:54:06" time="16.803" tests="11">
    <testcase classname="admin.aiInsights.service — getAiInsights" name="returns heuristic insights when Ollama unavailable" time="0.02">
    </testcase>
    <testcase classname="admin.aiInsights.service — getAiInsights" name="returns cached result on second call without forceRefresh" time="0.011">
    </testcase>
    <testcase classname="admin.aiInsights.service — getAiInsights" name="returns AI insights when Ollama available" time="0">
    </testcase>
    <testcase classname="admin.aiInsights.service — getAiInsights" name="falls back to heuristic when AI response is malformed" time="0.019">
    </testcase>
    <testcase classname="admin.aiInsights.service — getAiInsights" name="falls back to heuristic when AI response shape is incomplete" time="0.012">
    </testcase>
    <testcase classname="admin.aiInsights.service — getAiInsights" name="falls back when Ollama returns non-ok status" time="0.011">
    </testcase>
    <testcase classname="admin.aiInsights.service — getAiInsights" name="includes metrics in result" time="0.009">
    </testcase>
    <testcase classname="admin.aiInsights.service — getAiInsights" name="handles revenue data correctly" time="0.01">
    </testcase>
    <testcase classname="admin.aiInsights.service — getAiInsights" name="handles high cancellation rate in heuristic" time="0.011">
    </testcase>
    <testcase classname="admin.aiInsights.service — getAiInsights" name="handles user growth data" time="0.025">
    </testcase>
    <testcase classname="admin.aiInsights.service — getAiInsights" name="clamps score between 0 and 100" time="0.025">
    </testcase>
  </testsuite>
  <testsuite name="auth.controller — register" errors="0" failures="0" skipped="0" timestamp="2026-05-03T22:54:23" time="16.991" tests="18">
    <testcase classname="auth.controller — register" name="returns 201 on success" time="0.001">
    </testcase>
    <testcase classname="auth.controller — register" name="calls next on error" time="0">
    </testcase>
    <testcase classname="auth.controller — login" name="returns token on success" time="0">
    </testcase>
    <testcase classname="auth.controller — login" name="calls next on error" time="0">
    </testcase>
    <testcase classname="auth.controller — me" name="returns user" time="0.001">
    </testcase>
    <testcase classname="auth.controller — updateProfile" name="updates profile without files" time="0.013">
    </testcase>
    <testcase classname="auth.controller — updateProfile" name="uploads profile picture to cloudinary" time="0.01">
    </testcase>
    <testcase classname="auth.controller — changePassword" name="changes password successfully" time="0.001">
    </testcase>
    <testcase classname="auth.controller — forgotPassword" name="sends reset link" time="0.001">
    </testcase>
    <testcase classname="auth.controller — verifyEmail" name="verifies email" time="0.001">
    </testcase>
    <testcase classname="auth.controller — googleLogin" name="logs in with Google" time="0">
    </testcase>
    <testcase classname="auth.controller — googleLogin" name="calls next on error" time="0.001">
    </testcase>
    <testcase classname="auth.controller — logout" name="logs out successfully" time="0">
    </testcase>
    <testcase classname="auth.controller — resendVerification" name="resends verification email" time="0.001">
    </testcase>
    <testcase classname="auth.controller — resetPassword" name="resets password" time="0">
    </testcase>
    <testcase classname="auth.controller — phoneStart" name="starts phone verification" time="0">
    </testcase>
    <testcase classname="auth.controller — phoneVerify" name="verifies phone code" time="0">
    </testcase>
    <testcase classname="auth.controller — setRole" name="sets role" time="0">
    </testcase>
  </testsuite>
  <testsuite name="ordersService.createOrder" errors="0" failures="0" skipped="0" timestamp="2026-05-03T22:54:41" time="16.55" tests="19">
    <testcase classname="ordersService.createOrder" name="throws 404 if product not found" time="0.036">
    </testcase>
    <testcase classname="ordersService.createOrder" name="throws 400 if insufficient stock" time="0.011">
    </testcase>
    <testcase classname="ordersService.createOrder" name="throws 404 if artisan not found" time="0.01">
    </testcase>
    <testcase classname="ordersService.createOrder" name="creates order successfully" time="0.013">
    </testcase>
    <testcase classname="ordersService.getOrdersByArtisan" name="returns paginated orders for artisan" time="0.001">
    </testcase>
    <testcase classname="ordersService.getOrdersByArtisan" name="filters by status" time="0">
    </testcase>
    <testcase classname="ordersService.getOrdersBySupplier" name="returns paginated orders for supplier" time="0.001">
    </testcase>
    <testcase classname="ordersService.updateOrderStatus" name="throws 404 if order not found" time="0.006">
    </testcase>
    <testcase classname="ordersService.updateOrderStatus" name="throws 403 if user not authorized" time="0.001">
    </testcase>
    <testcase classname="ordersService.updateOrderStatus" name="updates status successfully as supplier" time="0">
    </testcase>
    <testcase classname="ordersService.addSupplierNote" name="throws 404 if order not found" time="0">
    </testcase>
    <testcase classname="ordersService.addSupplierNote" name="throws 403 if not supplier" time="0">
    </testcase>
    <testcase classname="ordersService.addSupplierNote" name="adds note successfully" time="0.001">
    </testcase>
    <testcase classname="ordersService.getOrderById" name="throws 404 if order not found" time="0">
    </testcase>
    <testcase classname="ordersService.getOrderById" name="returns order when found and authorized" time="0.001">
    </testcase>
    <testcase classname="ordersService.getArtisanActiveOrders" name="returns active orders" time="0">
    </testcase>
    <testcase classname="ordersService.getArtisanOrderHistory" name="returns order history" time="0.001">
    </testcase>
    <testcase classname="ordersService.getSupplierActiveOrders" name="returns active supplier orders" time="0">
    </testcase>
    <testcase classname="ordersService.getSupplierOrderHistory" name="returns supplier order history" time="0.003">
    </testcase>
  </testsuite>
  <testsuite name="serviceRequests.update" errors="0" failures="0" skipped="0" timestamp="2026-05-03T22:54:57" time="18.913" tests="19">
    <testcase classname="serviceRequests.update" name="returns 404 if not found" time="0.001">
    </testcase>
    <testcase classname="serviceRequests.update" name="returns 400 if not OPEN" time="0">
    </testcase>
    <testcase classname="serviceRequests.update" name="updates successfully" time="0.001">
    </testcase>
    <testcase classname="serviceRequests.acceptApplication" name="returns 404 if not found" time="0">
    </testcase>
    <testcase classname="serviceRequests.acceptApplication" name="returns 400 if not OPEN" time="0">
    </testcase>
    <testcase classname="serviceRequests.acceptApplication" name="returns 404 if application not found" time="0.001">
    </testcase>
    <testcase classname="serviceRequests.rejectApplication" name="returns 404 if not found" time="0">
    </testcase>
    <testcase classname="serviceRequests.rejectApplication" name="returns 404 if application not found" time="0">
    </testcase>
    <testcase classname="serviceRequests.rejectApplication" name="rejects application successfully" time="0.001">
    </testcase>
    <testcase classname="serviceRequests.reopen" name="returns 404 if not found" time="0">
    </testcase>
    <testcase classname="serviceRequests.reopen" name="returns 400 if not CANCELLED" time="0">
    </testcase>
    <testcase classname="serviceRequests.reopen" name="reopens successfully" time="0.001">
    </testcase>
    <testcase classname="serviceRequests.withdraw" name="returns 404 if not found" time="0">
    </testcase>
    <testcase classname="serviceRequests.withdraw" name="returns 400 if not OPEN" time="0">
    </testcase>
    <testcase classname="serviceRequests.withdraw" name="returns 404 if no application found" time="0.001">
    </testcase>
    <testcase classname="serviceRequests.withdraw" name="withdraws successfully" time="0">
    </testcase>
    <testcase classname="serviceRequests.myApplications" name="returns artisan applications" time="0.006">
    </testcase>
    <testcase classname="serviceRequests.myApplications" name="calls next on error" time="0.001">
    </testcase>
    <testcase classname="serviceRequests.listApplications" name="returns applications for a service request" time="0.001">
    </testcase>
  </testsuite>
  <testsuite name="supplier.service – getMyProducts" errors="0" failures="0" skipped="0" timestamp="2026-05-03T22:55:16" time="18.038" tests="11">
    <testcase classname="supplier.service – getMyProducts" name="returns products with pagination" time="0.002">
    </testcase>
    <testcase classname="supplier.service – getMyProducts" name="applies search filter" time="0.001">
    </testcase>
    <testcase classname="supplier.service – createProduct" name="throws when supplierId is missing" time="0.093">
    </testcase>
    <testcase classname="supplier.service – createProduct" name="creates product with existing category" time="0.005">
    </testcase>
    <testcase classname="supplier.service – createProduct" name="creates new category when newCategory is provided" time="0.008">
    </testcase>
    <testcase classname="supplier.service – deleteProduct" name="throws when product not found or unauthorized" time="0.001">
    </testcase>
    <testcase classname="supplier.service – deleteProduct" name="returns deleted product on success" time="0">
    </testcase>
    <testcase classname="supplier.service – getStats" name="returns stats with revenue" time="0.001">
    </testcase>
    <testcase classname="supplier.service – getStats" name="returns 0 revenue when no delivered orders" time="0">
    </testcase>
    <testcase classname="supplier.service – getCategories" name="returns existing categories" time="0.001">
    </testcase>
    <testcase classname="supplier.service – getCategories" name="creates default categories when none exist" time="0.001">
    </testcase>
  </testsuite>
  <testsuite name="authService.register — edge cases" errors="0" failures="0" skipped="0" timestamp="2026-05-03T22:55:34" time="16.118" tests="15">
    <testcase classname="authService.register — edge cases" name="sends email when configured" time="0.003">
    </testcase>
    <testcase classname="authService.register — edge cases" name="registers PRESCRIPTEUR role" time="0.004">
    </testcase>
    <testcase classname="authService.register — edge cases" name="registers SUPPLIER role" time="0.002">
    </testcase>
    <testcase classname="authService.login — edge cases" name="throws 403 for inactive account" time="0.001">
    </testcase>
    <testcase classname="authService.login — edge cases" name="allows login by phone number" time="0.001">
    </testcase>
    <testcase classname="authService.googleLogin" name="throws 500 when GOOGLE_CLIENT_ID not set" time="0.002">
    </testcase>
    <testcase classname="authService.googleLogin" name="creates new user on first Google login" time="0.001">
    </testcase>
    <testcase classname="authService.googleLogin" name="logs in existing Google user" time="0">
    </testcase>
    <testcase classname="authService.updateProfile — supplier" name="updates existing supplier profile" time="0.01">
    </testcase>
    <testcase classname="authService.updateProfile — supplier" name="parses categories from JSON string" time="0.009">
    </testcase>
    <testcase classname="authService.updateProfile — supplier" name="saves location fields for non-supplier" time="0.013">
    </testcase>
    <testcase classname="authService.resendVerification — edge cases" name="sends email when configured" time="0.001">
    </testcase>
    <testcase classname="authService.phoneStart — edge cases" name="throws 403 for blocked user" time="0">
    </testcase>
    <testcase classname="authService.setRole — edge cases" name="sets PRESCRIPTEUR role" time="0">
    </testcase>
    <testcase classname="authService.setRole — edge cases" name="sets SUPPLIER role" time="0.001">
    </testcase>
  </testsuite>
  <testsuite name="documents.controller — normalizeLines" errors="0" failures="0" skipped="0" timestamp="2026-05-03T22:55:50" time="18.3" tests="25">
    <testcase classname="documents.controller — normalizeLines" name="normalizes valid lines" time="0.002">
    </testcase>
    <testcase classname="documents.controller — normalizeLines" name="filters out lines with no description" time="0.001">
    </testcase>
    <testcase classname="documents.controller — normalizeLines" name="filters out lines with zero quantity" time="0.001">
    </testcase>
    <testcase classname="documents.controller — normalizeLines" name="handles empty array" time="0">
    </testcase>
    <testcase classname="documents.controller — normalizeLines" name="handles non-array input" time="0">
    </testcase>
    <testcase classname="documents.controller — computeTotals" name="computes totals correctly" time="0">
    </testcase>
    <testcase classname="documents.controller — computeTotals" name="applies discount" time="0">
    </testcase>
    <testcase classname="documents.controller — computeTotals" name="handles empty lines" time="0">
    </testcase>
    <testcase classname="documents.controller — listMyDocuments" name="returns quotes and invoices" time="0.002">
    </testcase>
    <testcase classname="documents.controller — listMyDocuments" name="calls next on error" time="0">
    </testcase>
    <testcase classname="documents.controller — listMyDocumentActivity" name="returns activity logs" time="0.001">
    </testcase>
    <testcase classname="documents.controller — listMyDocumentActivity" name="uses default limit when not provided" time="0">
    </testcase>
    <testcase classname="documents.controller — listMyDocumentActivity" name="calls next on error" time="0.001">
    </testcase>
    <testcase classname="documents.controller — createQuote" name="returns 400 when projectId missing" time="0.001">
    </testcase>
    <testcase classname="documents.controller — createQuote" name="returns 404 when project not found" time="0">
    </testcase>
    <testcase classname="documents.controller — createQuote" name="returns 403 when not project owner" time="0.001">
    </testcase>
    <testcase classname="documents.controller — createQuote" name="creates quote successfully" time="0.001">
    </testcase>
    <testcase classname="documents.controller — createQuote" name="adds trial info when isTrialAttempt" time="0">
    </testcase>
    <testcase classname="documents.controller — createQuote" name="calls next on error" time="0.001">
    </testcase>
    <testcase classname="documents.controller — createInvoice" name="returns 400 when devisId missing" time="0.001">
    </testcase>
    <testcase classname="documents.controller — createInvoice" name="returns 404 when quote not found" time="0.001">
    </testcase>
    <testcase classname="documents.controller — createInvoice" name="returns 403 when not quote owner" time="0.001">
    </testcase>
    <testcase classname="documents.controller — createInvoice" name="creates invoice successfully" time="0.002">
    </testcase>
    <testcase classname="documents.controller — createInvoice" name="adds trial info when isTrialAttempt" time="0.008">
    </testcase>
    <testcase classname="documents.controller — createInvoice" name="calls next on error" time="0.001">
    </testcase>
  </testsuite>
  <testsuite name="catalog.controller – getProducts" errors="0" failures="0" skipped="0" timestamp="2026-05-03T22:56:09" time="18.467" tests="9">
    <testcase classname="catalog.controller – getProducts" name="calls catalogService.getProducts and returns apiResponse" time="0.001">
    </testcase>
    <testcase classname="catalog.controller – getProducts" name="returns 400 on service error" time="0.001">
    </testcase>
    <testcase classname="catalog.controller – getProductById" name="returns 404 when product not found" time="0">
    </testcase>
    <testcase classname="catalog.controller – getProductById" name="returns product when found" time="0">
    </testcase>
    <testcase classname="catalog.controller – getProductById" name="returns 500 on unexpected error" time="0">
    </testcase>
    <testcase classname="catalog.controller – getRecommendations" name="returns 404 when product not found" time="0">
    </testcase>
    <testcase classname="catalog.controller – getRecommendations" name="returns recommendations when product found" time="0">
    </testcase>
    <testcase classname="catalog.controller – rateProduct" name="calls catalogService.rateProduct and returns result" time="7.836">
    </testcase>
    <testcase classname="catalog.controller – rateProduct" name="returns error status on service failure" time="0.002">
    </testcase>
  </testsuite>
  <testsuite name="Coverage improvement - routes" errors="0" failures="0" skipped="0" timestamp="2026-05-03T22:56:27" time="21.948" tests="3">
    <testcase classname="Coverage improvement - routes" name="messageActions routes should be defined" time="14.446">
    </testcase>
    <testcase classname="Coverage improvement - reports" name="reports routes should be defined" time="4.701">
    </testcase>
    <testcase classname="Coverage improvement - seed-categories" name="seed-categories should not have commented code" time="0.001">
    </testcase>
  </testsuite>
  <testsuite name="serviceRequests.controller — create" errors="0" failures="0" skipped="0" timestamp="2026-05-03T22:56:49" time="19.706" tests="42">
    <testcase classname="serviceRequests.controller — create" name="creates service request successfully" time="0.007">
    </testcase>
    <testcase classname="serviceRequests.controller — create" name="returns 400 when title missing" time="0.001">
    </testcase>
    <testcase classname="serviceRequests.controller — create" name="returns 400 when trade missing" time="0">
    </testcase>
    <testcase classname="serviceRequests.controller — create" name="calls next on DB error" time="0">
    </testcase>
    <testcase classname="serviceRequests.controller — listMine" name="returns user service requests" time="0">
    </testcase>
    <testcase classname="serviceRequests.controller — listMine" name="calls next on error" time="0">
    </testcase>
    <testcase classname="serviceRequests.controller — getOne" name="returns service request with enriched applications" time="0.001">
    </testcase>
    <testcase classname="serviceRequests.controller — getOne" name="returns 404 when not found" time="0">
    </testcase>
    <testcase classname="serviceRequests.controller — update" name="updates service request" time="0.001">
    </testcase>
    <testcase classname="serviceRequests.controller — update" name="returns 404 when not found" time="0">
    </testcase>
    <testcase classname="serviceRequests.controller — update" name="returns 400 when not OPEN" time="0">
    </testcase>
    <testcase classname="serviceRequests.controller — remove" name="deletes service request" time="0.001">
    </testcase>
    <testcase classname="serviceRequests.controller — remove" name="returns 404 when not found" time="0">
    </testcase>
    <testcase classname="serviceRequests.controller — changeStatus" name="changes status to COMPLETED" time="0">
    </testcase>
    <testcase classname="serviceRequests.controller — changeStatus" name="returns 404 when not found" time="0">
    </testcase>
    <testcase classname="serviceRequests.controller — reopen" name="reopens cancelled request" time="0.001">
    </testcase>
    <testcase classname="serviceRequests.controller — reopen" name="clears expired deadline on reopen" time="0">
    </testcase>
    <testcase classname="serviceRequests.controller — reopen" name="returns 404 when not found" time="0.001">
    </testcase>
    <testcase classname="serviceRequests.controller — reopen" name="returns 400 when not CANCELLED" time="0">
    </testcase>
    <testcase classname="serviceRequests.controller — acceptApplication" name="accepts application successfully" time="0">
    </testcase>
    <testcase classname="serviceRequests.controller — acceptApplication" name="returns 404 when service request not found" time="0.001">
    </testcase>
    <testcase classname="serviceRequests.controller — acceptApplication" name="returns 404 when application not found" time="0">
    </testcase>
    <testcase classname="serviceRequests.controller — rejectApplication" name="rejects application and notifies artisan" time="0.001">
    </testcase>
    <testcase classname="serviceRequests.controller — rejectApplication" name="returns 404 when not found" time="0">
    </testcase>
    <testcase classname="serviceRequests.controller — rejectApplication" name="returns 404 when application not found" time="0">
    </testcase>
    <testcase classname="serviceRequests.controller — listOpen" name="returns open service requests" time="0.001">
    </testcase>
    <testcase classname="serviceRequests.controller — listOpen" name="filters by trade and city" time="0">
    </testcase>
    <testcase classname="serviceRequests.controller — listOpen" name="calls next on error" time="0">
    </testcase>
    <testcase classname="serviceRequests.controller — getOpenOne" name="returns open service request" time="0">
    </testcase>
    <testcase classname="serviceRequests.controller — getOpenOne" name="returns 404 when not found" time="0">
    </testcase>
    <testcase classname="serviceRequests.controller — apply" name="applies to service request" time="0.001">
    </testcase>
    <testcase classname="serviceRequests.controller — apply" name="returns 404 when not found" time="0">
    </testcase>
    <testcase classname="serviceRequests.controller — apply" name="returns 400 when already applied" time="0">
    </testcase>
    <testcase classname="serviceRequests.controller — apply" name="returns 400 when request not OPEN" time="0.001">
    </testcase>
    <testcase classname="serviceRequests.controller — withdraw" name="withdraws application" time="0">
    </testcase>
    <testcase classname="serviceRequests.controller — withdraw" name="returns 404 when not found" time="0">
    </testcase>
    <testcase classname="serviceRequests.controller — withdraw" name="returns 400 when request not OPEN" time="0.001">
    </testcase>
    <testcase classname="serviceRequests.controller — withdraw" name="returns 404 when application not found" time="0">
    </testcase>
    <testcase classname="serviceRequests.controller — withdraw" name="returns 400 when application already accepted" time="0">
    </testcase>
    <testcase classname="serviceRequests.controller — myApplications" name="returns artisan applications" time="0.001">
    </testcase>
    <testcase classname="serviceRequests.controller — myApplications" name="marks already reviewed requests" time="0">
    </testcase>
    <testcase classname="serviceRequests.controller — myApplications" name="calls next on error" time="0">
    </testcase>
  </testsuite>
  <testsuite name="orders.createOrder" errors="0" failures="0" skipped="0" timestamp="2026-05-03T22:57:09" time="10.793" tests="16">
    <testcase classname="orders.createOrder" name="creates order and returns 201" time="0.01">
    </testcase>
    <testcase classname="orders.createOrder" name="returns 400 on service error" time="0.045">
    </testcase>
    <testcase classname="orders.createOrder" name="returns 500 on unexpected error" time="0.007">
    </testcase>
    <testcase classname="orders.getMyOrders" name="returns orders" time="0">
    </testcase>
    <testcase classname="orders.getMyOrders" name="returns 500 on error" time="0.006">
    </testcase>
    <testcase classname="orders.getSupplierOrders" name="returns supplier orders" time="0">
    </testcase>
    <testcase classname="orders.updateOrderStatus" name="updates status successfully" time="0.001">
    </testcase>
    <testcase classname="orders.updateOrderStatus" name="returns error status on failure" time="0.006">
    </testcase>
    <testcase classname="orders.addSupplierNote" name="adds note successfully" time="0">
    </testcase>
    <testcase classname="orders.addSupplierNote" name="returns error on failure" time="0.006">
    </testcase>
    <testcase classname="orders.getOrderById" name="returns order" time="0.001">
    </testcase>
    <testcase classname="orders.getOrderById" name="returns 404 if not found" time="0.015">
    </testcase>
    <testcase classname="orders.getArtisanActiveOrders" name="returns active orders" time="0.002">
    </testcase>
    <testcase classname="orders.getArtisanOrderHistory" name="returns order history" time="0.001">
    </testcase>
    <testcase classname="orders.submitReview" name="submits review successfully" time="0.001">
    </testcase>
    <testcase classname="orders.submitReview" name="returns error on failure" time="0">
    </testcase>
  </testsuite>
  <testsuite name="supplier.service — updateProduct" errors="0" failures="0" skipped="0" timestamp="2026-05-03T22:57:20" time="18.342" tests="13">
    <testcase classname="supplier.service — updateProduct" name="throws when product not found" time="0.022">
    </testcase>
    <testcase classname="supplier.service — updateProduct" name="updates product successfully" time="0.004">
    </testcase>
    <testcase classname="supplier.service — updateProduct" name="throws when product not found or unauthorized" time="0.003">
    </testcase>
    <testcase classname="supplier.service — updateProduct" name="creates new category when newCategory provided" time="0.006">
    </testcase>
    <testcase classname="supplier.service — updateProduct" name="uses existing category when newCategory matches existing" time="0.003">
    </testcase>
    <testcase classname="supplier.service — deleteProduct" name="deletes product successfully" time="0.001">
    </testcase>
    <testcase classname="supplier.service — deleteProduct" name="throws when product not found" time="0.001">
    </testcase>
    <testcase classname="supplier.service — getStats" name="returns stats with revenue" time="0">
    </testcase>
    <testcase classname="supplier.service — getStats" name="returns 0 revenue when no delivered orders" time="0.001">
    </testcase>
    <testcase classname="supplier.service — getStats" name="returns correct activeOrders count" time="0">
    </testcase>
    <testcase classname="supplier.service — getCategories" name="returns existing categories" time="0.001">
    </testcase>
    <testcase classname="supplier.service — getCategories" name="creates default categories when none exist" time="0.001">
    </testcase>
    <testcase classname="supplier.service — getCategories" name="handles empty categories gracefully" time="0">
    </testcase>
  </testsuite>
  <testsuite name="orders.service — submitReview" errors="0" failures="0" skipped="0" timestamp="2026-05-03T22:57:38" time="16.324" tests="9">
    <testcase classname="orders.service — submitReview" name="throws 400 when rating is invalid" time="0.005">
    </testcase>
    <testcase classname="orders.service — submitReview" name="throws 400 when rating is too high" time="0.001">
    </testcase>
    <testcase classname="orders.service — submitReview" name="throws 400 when rating is NaN" time="0.001">
    </testcase>
    <testcase classname="orders.service — submitReview" name="throws 404 when order not found" time="0">
    </testcase>
    <testcase classname="orders.service — submitReview" name="throws 403 when not the buyer" time="0.001">
    </testcase>
    <testcase classname="orders.service — submitReview" name="throws 400 when order not delivered" time="0">
    </testcase>
    <testcase classname="orders.service — submitReview" name="throws 409 when already reviewed" time="0">
    </testcase>
    <testcase classname="orders.service — submitReview" name="submits review successfully" time="0.031">
    </testcase>
    <testcase classname="orders.service — submitReview" name="handles no stats from aggregate (no previous reviews)" time="0.001">
    </testcase>
  </testsuite>
  <testsuite name="search.service – searchArtisans (no geolocation)" errors="0" failures="0" skipped="0" timestamp="2026-05-03T22:57:54" time="13.838" tests="7">
    <testcase classname="search.service – searchArtisans (no geolocation)" name="returns all active artisans when no filters" time="1.778">
    </testcase>
    <testcase classname="search.service – searchArtisans (no geolocation)" name="filters by specialty" time="0.011">
    </testcase>
    <testcase classname="search.service – searchArtisans (no geolocation)" name="filters by region" time="0.011">
    </testcase>
    <testcase classname="search.service – searchArtisans (no geolocation)" name="paginates results" time="0.015">
    </testcase>
    <testcase classname="search.service – searchArtisans (with geolocation)" name="uses $near query when lat/lng provided" time="0.011">
    </testcase>
    <testcase classname="search.service – getNearbyArtisans" name="returns nearby artisans" time="0.001">
    </testcase>
    <testcase classname="search.service – getNearbyArtisans" name="throws on DB error" time="0.095">
    </testcase>
  </testsuite>
  <testsuite name="portfolio.service – addPortfolioProject" errors="0" failures="0" skipped="0" timestamp="2026-05-03T22:58:08" time="11.828" tests="10">
    <testcase classname="portfolio.service – addPortfolioProject" name="creates project when profile exists" time="0.003">
    </testcase>
    <testcase classname="portfolio.service – addPortfolioProject" name="creates profile automatically when not found" time="0.012">
    </testcase>
    <testcase classname="portfolio.service – addPortfolioProject" name="throws 404 when user not found and no profile" time="0.029">
    </testcase>
    <testcase classname="portfolio.service – getArtisanPortfolio" name="returns projects for artisan" time="0.001">
    </testcase>
    <testcase classname="portfolio.service – getArtisanPortfolio" name="throws 404 when profile not found" time="0.01">
    </testcase>
    <testcase classname="portfolio.service – getProjectById" name="returns project when found and authorized" time="0.001">
    </testcase>
    <testcase classname="portfolio.service – getProjectById" name="throws 404 when project not found" time="0.01">
    </testcase>
    <testcase classname="portfolio.service – getProjectById" name="throws 403 when project belongs to different artisan" time="0.013">
    </testcase>
    <testcase classname="portfolio.service – deleteProject" name="deletes project and updates profile" time="0.001">
    </testcase>
    <testcase classname="portfolio.service – deleteProject" name="throws 404 when project not found" time="0.009">
    </testcase>
  </testsuite>
  <testsuite name="portfolio.service — addPortfolioProject" errors="0" failures="0" skipped="0" timestamp="2026-05-03T22:58:20" time="12.506" tests="19">
    <testcase classname="portfolio.service — addPortfolioProject" name="creates project when profile exists" time="0.003">
    </testcase>
    <testcase classname="portfolio.service — addPortfolioProject" name="creates profile automatically when not found" time="0.01">
    </testcase>
    <testcase classname="portfolio.service — addPortfolioProject" name="throws 404 when user not found and no profile" time="0.038">
    </testcase>
    <testcase classname="portfolio.service — addPortfolioProject" name="handles coordinates in project data" time="0.001">
    </testcase>
    <testcase classname="portfolio.service — getArtisanPortfolio" name="returns portfolio projects" time="0">
    </testcase>
    <testcase classname="portfolio.service — getArtisanPortfolio" name="throws 404 when profile not found" time="0.011">
    </testcase>
    <testcase classname="portfolio.service — getProjectById" name="returns project when found" time="0.001">
    </testcase>
    <testcase classname="portfolio.service — getProjectById" name="throws 404 when project not found" time="0.009">
    </testcase>
    <testcase classname="portfolio.service — getProjectById" name="throws 403 when not owner" time="0.01">
    </testcase>
    <testcase classname="portfolio.service — getProjectById" name="returns project when no profile (no ownership check)" time="0">
    </testcase>
    <testcase classname="portfolio.service — updateProject" name="throws 404 when project not found" time="0.009">
    </testcase>
    <testcase classname="portfolio.service — updateProject" name="throws 403 when not owner" time="0.008">
    </testcase>
    <testcase classname="portfolio.service — updateProject" name="updates project successfully" time="0.001">
    </testcase>
    <testcase classname="portfolio.service — updateProject" name="updates images when provided" time="0">
    </testcase>
    <testcase classname="portfolio.service — updateProject" name="updates tags when provided" time="0.001">
    </testcase>
    <testcase classname="portfolio.service — updateProject" name="updates location and date when provided" time="0">
    </testcase>
    <testcase classname="portfolio.service — deleteProject (extended)" name="throws 404 when project not found" time="0.007">
    </testcase>
    <testcase classname="portfolio.service — deleteProject (extended)" name="throws 403 when not owner" time="0.007">
    </testcase>
    <testcase classname="portfolio.service — deleteProject (extended)" name="deletes project and updates profile" time="0.004">
    </testcase>
  </testsuite>
  <testsuite name="orders.controller — getArtisanActiveOrders" errors="0" failures="0" skipped="0" timestamp="2026-05-03T22:58:33" time="12.465" tests="7">
    <testcase classname="orders.controller — getArtisanActiveOrders" name="returns active orders" time="0.002">
    </testcase>
    <testcase classname="orders.controller — getArtisanActiveOrders" name="returns error on failure" time="0.079">
    </testcase>
    <testcase classname="orders.controller — getArtisanOrderHistory" name="returns order history" time="0">
    </testcase>
    <testcase classname="orders.controller — getSupplierActiveOrders" name="returns active supplier orders" time="0">
    </testcase>
    <testcase classname="orders.controller — getSupplierOrderHistory" name="returns supplier order history" time="0.001">
    </testcase>
    <testcase classname="orders.controller — submitReview" name="submits review" time="0.001">
    </testcase>
    <testcase classname="orders.controller — submitReview" name="returns error on failure" time="0">
    </testcase>
  </testsuite>
  <testsuite name="catalog.controller — getVideo" errors="0" failures="0" skipped="0" timestamp="2026-05-03T22:58:45" time="21.942" tests="9">
    <testcase classname="catalog.controller — getVideo" name="returns 404 when product not found" time="0.001">
    </testcase>
    <testcase classname="catalog.controller — getVideo" name="returns null video when no video available" time="0">
    </testcase>
    <testcase classname="catalog.controller — getVideo" name="returns video when available" time="0">
    </testcase>
    <testcase classname="catalog.controller — getVideo" name="returns 500 on error" time="0">
    </testcase>
    <testcase classname="catalog.controller — getRecommendations (extended)" name="returns 404 when product not found" time="0">
    </testcase>
    <testcase classname="catalog.controller — getRecommendations (extended)" name="returns recommendations" time="0">
    </testcase>
    <testcase classname="catalog.controller — getRecommendations (extended)" name="returns 500 on error" time="0">
    </testcase>
    <testcase classname="catalog.controller — getProductById (extended)" name="returns 404 when product not found" time="0">
    </testcase>
    <testcase classname="catalog.controller — getProductById (extended)" name="returns 500 on error" time="0">
    </testcase>
  </testsuite>
  <testsuite name="orders.service – createOrder" errors="0" failures="0" skipped="0" timestamp="2026-05-03T22:59:07" time="11.67" tests="16">
    <testcase classname="orders.service – createOrder" name="throws 404 when product not found" time="0.001">
    </testcase>
    <testcase classname="orders.service – createOrder" name="throws 400 when stock is insufficient" time="0.001">
    </testcase>
    <testcase classname="orders.service – createOrder" name="throws 404 when artisan not found" time="0">
    </testcase>
    <testcase classname="orders.service – createOrder" name="creates order successfully" time="0">
    </testcase>
    <testcase classname="orders.service – getOrdersByArtisan" name="returns orders with pagination" time="0.001">
    </testcase>
    <testcase classname="orders.service – updateOrderStatus" name="throws 404 when order not found" time="0">
    </testcase>
    <testcase classname="orders.service – updateOrderStatus" name="throws 403 when user is not the supplier" time="0">
    </testcase>
    <testcase classname="orders.service – getOrderById" name="throws 404 when order not found" time="0">
    </testcase>
    <testcase classname="orders.service – getOrderById" name="throws 403 when user is neither artisan nor supplier" time="0">
    </testcase>
    <testcase classname="orders.service – submitReview" name="throws 400 for invalid rating" time="0">
    </testcase>
    <testcase classname="orders.service – submitReview" name="throws 400 for rating &gt; 5" time="0.001">
    </testcase>
    <testcase classname="orders.service – submitReview" name="throws 404 when order not found" time="0">
    </testcase>
    <testcase classname="orders.service – submitReview" name="throws 403 when caller is not the artisan" time="0">
    </testcase>
    <testcase classname="orders.service – submitReview" name="throws 400 when order is not DELIVERED" time="0">
    </testcase>
    <testcase classname="orders.service – submitReview" name="throws 409 when order already reviewed" time="0">
    </testcase>
    <testcase classname="orders.service – submitReview" name="saves review and updates product rating" time="0.001">
    </testcase>
  </testsuite>
  <testsuite name="projects.controller — createProject" errors="0" failures="0" skipped="0" timestamp="2026-05-03T22:59:19" time="15.961" tests="26">
    <testcase classname="projects.controller — createProject" name="creates project successfully" time="0.001">
    </testcase>
    <testcase classname="projects.controller — createProject" name="returns 400 when title missing" time="0">
    </testcase>
    <testcase classname="projects.controller — createProject" name="creates project with files - cloudinary upload" time="0.001">
    </testcase>
    <testcase classname="projects.controller — createProject" name="adds trial info when isTrialAttempt" time="0">
    </testcase>
    <testcase classname="projects.controller — createProject" name="calls next on unexpected error" time="0">
    </testcase>
    <testcase classname="projects.controller — listMyProjects" name="returns artisan projects" time="0">
    </testcase>
    <testcase classname="projects.controller — listMyProjects" name="calls next on error" time="0">
    </testcase>
    <testcase classname="projects.controller — listAllProjects" name="returns all projects" time="0.001">
    </testcase>
    <testcase classname="projects.controller — listAllProjects" name="calls next on error" time="0">
    </testcase>
    <testcase classname="projects.controller — getProjectById" name="returns project for owner" time="0">
    </testcase>
    <testcase classname="projects.controller — getProjectById" name="returns 404 when project not found" time="0.001">
    </testcase>
    <testcase classname="projects.controller — getProjectById" name="returns 403 when artisan accesses other project" time="0.001">
    </testcase>
    <testcase classname="projects.controller — getProjectById" name="admin can access any project" time="0">
    </testcase>
    <testcase classname="projects.controller — getProjectById" name="calls next on error" time="0">
    </testcase>
    <testcase classname="projects.controller — updateProject" name="updates project successfully" time="0.001">
    </testcase>
    <testcase classname="projects.controller — updateProject" name="returns 404 when project not found" time="0.001">
    </testcase>
    <testcase classname="projects.controller — updateProject" name="returns 403 when not owner" time="0.001">
    </testcase>
    <testcase classname="projects.controller — updateProject" name="returns 400 for invalid title" time="0">
    </testcase>
    <testcase classname="projects.controller — updateProject" name="returns 400 for invalid budgetTND" time="0">
    </testcase>
    <testcase classname="projects.controller — updateProject" name="returns 400 for invalid startDate" time="0.001">
    </testcase>
    <testcase classname="projects.controller — updateProject" name="clears images when clearImages=true" time="0">
    </testcase>
    <testcase classname="projects.controller — updateProject" name="calls next on unexpected error" time="0">
    </testcase>
    <testcase classname="projects.controller — deleteProject" name="deletes project successfully" time="0.001">
    </testcase>
    <testcase classname="projects.controller — deleteProject" name="returns 404 when project not found" time="0">
    </testcase>
    <testcase classname="projects.controller — deleteProject" name="returns 403 when not owner" time="0.001">
    </testcase>
    <testcase classname="projects.controller — deleteProject" name="calls next on unexpected error" time="0">
    </testcase>
  </testsuite>
  <testsuite name="messages.service — normalizeAttachments" errors="0" failures="0" skipped="0" timestamp="2026-05-03T22:59:35" time="9.399" tests="24">
    <testcase classname="messages.service — normalizeAttachments" name="returns empty for empty array" time="0.001">
    </testcase>
    <testcase classname="messages.service — normalizeAttachments" name="returns empty for empty string" time="0">
    </testcase>
    <testcase classname="messages.service — normalizeAttachments" name="returns empty for invalid JSON string" time="0.001">
    </testcase>
    <testcase classname="messages.service — normalizeAttachments" name="parses valid JSON string" time="0">
    </testcase>
    <testcase classname="messages.service — normalizeAttachments" name="filters out attachments without url" time="0">
    </testcase>
    <testcase classname="messages.service — normalizeAttachments" name="filters out null entries" time="0.001">
    </testcase>
    <testcase classname="messages.service — normalizeAttachments" name="parses string items inside array" time="0">
    </testcase>
    <testcase classname="messages.service — normalizeAttachments" name="returns empty for non-array non-string" time="0">
    </testcase>
    <testcase classname="messages.service — sendMessage" name="throws 404 if order not found" time="0.034">
    </testcase>
    <testcase classname="messages.service — sendMessage" name="throws 403 if sender not part of order" time="0.015">
    </testcase>
    <testcase classname="messages.service — sendMessage" name="sends message successfully" time="0.001">
    </testcase>
    <testcase classname="messages.service — sendDirectMessage" name="saves direct message" time="0.001">
    </testcase>
    <testcase classname="messages.service — sendDirectMessage" name="uses attachment label when content empty" time="0">
    </testcase>
    <testcase classname="messages.service — getOrderMessages" name="returns messages for order" time="0">
    </testcase>
    <testcase classname="messages.service — getOrderMessages" name="throws 404 if order not found" time="0.014">
    </testcase>
    <testcase classname="messages.service — getOrderMessages" name="throws 403 if user not part of order" time="0.01">
    </testcase>
    <testcase classname="messages.service — getConversation" name="returns conversation messages" time="0.002">
    </testcase>
    <testcase classname="messages.service — getRecentConversations" name="returns recent conversations" time="0.001">
    </testcase>
    <testcase classname="messages.service — getRecentConversations" name="returns empty array when no messages" time="0.001">
    </testcase>
    <testcase classname="messages.service — getRecentConversations" name="skips messages with null sender/receiver" time="0">
    </testcase>
    <testcase classname="messages.service — markAsRead" name="marks message as read" time="0.001">
    </testcase>
    <testcase classname="messages.service — markAsRead" name="throws 404 if message not found" time="0.016">
    </testcase>
    <testcase classname="messages.service — markAsRead" name="throws 403 if not the receiver" time="0.009">
    </testcase>
    <testcase classname="messages.service — getUnreadCount" name="returns unread count" time="0">
    </testcase>
  </testsuite>
  <testsuite name="reviews.controller — create" errors="0" failures="0" skipped="0" timestamp="2026-05-03T22:59:44" time="7.727" tests="25">
    <testcase classname="reviews.controller — create" name="returns 400 when targetId missing" time="0.001">
    </testcase>
    <testcase classname="reviews.controller — create" name="returns 400 when targetType invalid" time="0">
    </testcase>
    <testcase classname="reviews.controller — create" name="returns 400 when rating out of range" time="0">
    </testcase>
    <testcase classname="reviews.controller — create" name="returns 400 when comment too short" time="0.001">
    </testcase>
    <testcase classname="reviews.controller — create" name="returns 400 when self-review" time="0">
    </testcase>
    <testcase classname="reviews.controller — create" name="returns 404 when service request not found" time="0">
    </testcase>
    <testcase classname="reviews.controller — create" name="returns 400 when service request not completed" time="0.001">
    </testcase>
    <testcase classname="reviews.controller — create" name="returns 403 when user not part of service request" time="0">
    </testcase>
    <testcase classname="reviews.controller — create" name="returns 409 when duplicate review" time="0">
    </testcase>
    <testcase classname="reviews.controller — create" name="creates review successfully" time="0.001">
    </testcase>
    <testcase classname="reviews.controller — create" name="creates review without sourceId" time="0">
    </testcase>
    <testcase classname="reviews.controller — create" name="calls next on unexpected error" time="0.001">
    </testcase>
    <testcase classname="reviews.controller — getForUser" name="returns reviews with avg rating" time="0">
    </testcase>
    <testcase classname="reviews.controller — getForUser" name="returns 0 avgRating when no reviews" time="0">
    </testcase>
    <testcase classname="reviews.controller — getForUser" name="calls next on error" time="0.001">
    </testcase>
    <testcase classname="reviews.controller — getPending" name="returns 403 for invalid role" time="0">
    </testcase>
    <testcase classname="reviews.controller — getPending" name="returns empty pending when no completed requests" time="0">
    </testcase>
    <testcase classname="reviews.controller — getPending" name="returns pending reviews for PRESCRIPTEUR" time="0.001">
    </testcase>
    <testcase classname="reviews.controller — getPending" name="returns pending reviews for ARTISAN" time="0">
    </testcase>
    <testcase classname="reviews.controller — getPending" name="filters out already reviewed requests" time="0">
    </testcase>
    <testcase classname="reviews.controller — getPending" name="calls next on error" time="0.001">
    </testcase>
    <testcase classname="reviews.controller — remove" name="returns 404 when review not found" time="0">
    </testcase>
    <testcase classname="reviews.controller — remove" name="returns 403 when not author" time="0.001">
    </testcase>
    <testcase classname="reviews.controller — remove" name="deletes review successfully" time="0.006">
    </testcase>
    <testcase classname="reviews.controller — remove" name="calls next on error" time="0">
    </testcase>
  </testsuite>
  <testsuite name="catalog.service – getProducts" errors="0" failures="0" skipped="0" timestamp="2026-05-03T22:59:52" time="8.452" tests="12">
    <testcase classname="catalog.service – getProducts" name="returns products with default pagination" time="0.001">
    </testcase>
    <testcase classname="catalog.service – getProducts" name="applies search filter" time="0.001">
    </testcase>
    <testcase classname="catalog.service – getProducts" name="applies category filter" time="0">
    </testcase>
    <testcase classname="catalog.service – getProducts" name="applies approved=true filter" time="0">
    </testcase>
    <testcase classname="catalog.service – getProducts" name="does not apply approved filter when approved=all" time="0.001">
    </testcase>
    <testcase classname="catalog.service – getProducts" name="calculates totalPages correctly" time="0">
    </testcase>
    <testcase classname="catalog.service – rateProduct" name="throws 400 for rating below 1" time="0">
    </testcase>
    <testcase classname="catalog.service – rateProduct" name="throws 400 for rating above 5" time="0.001">
    </testcase>
    <testcase classname="catalog.service – rateProduct" name="throws 400 for non-numeric rating" time="0">
    </testcase>
    <testcase classname="catalog.service – rateProduct" name="throws 404 when product not found" time="0">
    </testcase>
    <testcase classname="catalog.service – rateProduct" name="returns updated rating and ratingCount on success" time="0">
    </testcase>
    <testcase classname="catalog.service – rateProduct" name="rounds rating to integer before update" time="0">
    </testcase>
  </testsuite>
  <testsuite name="artisanProfile.service — updateArtisanProfile" errors="0" failures="0" skipped="0" timestamp="2026-05-03T23:00:01" time="10.394" tests="18">
    <testcase classname="artisanProfile.service — updateArtisanProfile" name="creates new profile when not found" time="0.001">
    </testcase>
    <testcase classname="artisanProfile.service — updateArtisanProfile" name="updates existing profile" time="0">
    </testcase>
    <testcase classname="artisanProfile.service — updateArtisanProfile" name="updates coordinates when provided" time="0.001">
    </testcase>
    <testcase classname="artisanProfile.service — updateArtisanProfile" name="updates address when provided" time="0">
    </testcase>
    <testcase classname="artisanProfile.service — updateArtisanProfile" name="throws on DB error" time="0.106">
    </testcase>
    <testcase classname="artisanProfile.service — getArtisanProfile" name="returns profile when found" time="0.001">
    </testcase>
    <testcase classname="artisanProfile.service — getArtisanProfile" name="throws 400 when userId missing" time="0.01">
    </testcase>
    <testcase classname="artisanProfile.service — getArtisanProfile" name="throws 404 when profile not found" time="0.009">
    </testcase>
    <testcase classname="artisanProfile.service — updateArtisanLocation" name="updates location successfully" time="0">
    </testcase>
    <testcase classname="artisanProfile.service — updateArtisanLocation" name="throws 400 when userId missing" time="0.009">
    </testcase>
    <testcase classname="artisanProfile.service — updateArtisanLocation" name="throws 400 when coordinates invalid" time="0.01">
    </testcase>
    <testcase classname="artisanProfile.service — updateArtisanLocation" name="throws 404 when profile not found" time="0.011">
    </testcase>
    <testcase classname="artisanProfile.service — getPublicArtisanProfile" name="returns formatted profile when found" time="0.002">
    </testcase>
    <testcase classname="artisanProfile.service — getPublicArtisanProfile" name="falls back to user when no profile" time="0.001">
    </testcase>
    <testcase classname="artisanProfile.service — getPublicArtisanProfile" name="throws 404 when user not found" time="0.009">
    </testcase>
    <testcase classname="artisanProfile.service — resetArtisanTrialFeatures" name="resets trial features" time="0.001">
    </testcase>
    <testcase classname="artisanProfile.service — resetArtisanTrialFeatures" name="throws 404 when profile not found" time="0.008">
    </testcase>
    <testcase classname="artisanProfile.service — resetArtisanTrialFeatures" name="throws 400 when userId missing" time="0.012">
    </testcase>
  </testsuite>
  <testsuite name="messagesService.normalizeAttachments (internal)" errors="0" failures="0" skipped="0" timestamp="2026-05-03T23:00:11" time="8.564" tests="13">
    <testcase classname="messagesService.normalizeAttachments (internal)" name="handles empty attachments array" time="0.001">
    </testcase>
    <testcase classname="messagesService.normalizeAttachments (internal)" name="handles string JSON attachments" time="0">
    </testcase>
    <testcase classname="messagesService.normalizeAttachments (internal)" name="handles invalid JSON string attachments gracefully" time="0">
    </testcase>
    <testcase classname="messagesService.sendMessage" name="throws 404 if order not found" time="0.027">
    </testcase>
    <testcase classname="messagesService.sendMessage" name="throws 403 if sender not part of order" time="0.007">
    </testcase>
    <testcase classname="messagesService.sendMessage" name="saves message and returns it" time="0">
    </testcase>
    <testcase classname="messagesService.sendDirectMessage" name="saves direct message" time="0.001">
    </testcase>
    <testcase classname="messagesService.sendDirectMessage" name="uses attachment label when content empty" time="0">
    </testcase>
    <testcase classname="messagesService.getOrderMessages" name="returns messages for an order" time="0">
    </testcase>
    <testcase classname="messagesService.getConversation" name="returns direct messages between two users" time="0.001">
    </testcase>
    <testcase classname="messagesService.markAsRead" name="marks a message as read" time="0">
    </testcase>
    <testcase classname="messagesService.markAsRead" name="throws 404 if message not found" time="0.006">
    </testcase>
    <testcase classname="messagesService.getUnreadCount" name="returns unread count" time="0">
    </testcase>
  </testsuite>
  <testsuite name="artisanProfile.service – updateArtisanProfile" errors="0" failures="0" skipped="0" timestamp="2026-05-03T23:00:20" time="8.179" tests="14">
    <testcase classname="artisanProfile.service – updateArtisanProfile" name="creates new profile when none exists" time="0">
    </testcase>
    <testcase classname="artisanProfile.service – updateArtisanProfile" name="updates existing profile fields" time="0">
    </testcase>
    <testcase classname="artisanProfile.service – updateArtisanProfile" name="updates coordinates when provided" time="0.001">
    </testcase>
    <testcase classname="artisanProfile.service – updateArtisanProfile" name="throws when userId is missing" time="0.117">
    </testcase>
    <testcase classname="artisanProfile.service – getArtisanProfile" name="returns profile when found" time="0.001">
    </testcase>
    <testcase classname="artisanProfile.service – getArtisanProfile" name="throws 404 when profile not found" time="0.006">
    </testcase>
    <testcase classname="artisanProfile.service – updateArtisanLocation" name="throws 400 for invalid coordinates format" time="0.007">
    </testcase>
    <testcase classname="artisanProfile.service – updateArtisanLocation" name="throws 400 for non-array coordinates" time="0.005">
    </testcase>
    <testcase classname="artisanProfile.service – updateArtisanLocation" name="updates location when valid coordinates provided" time="0">
    </testcase>
    <testcase classname="artisanProfile.service – getPublicArtisanProfile" name="returns formatted profile when artisan profile found" time="0.001">
    </testcase>
    <testcase classname="artisanProfile.service – getPublicArtisanProfile" name="returns incomplete profile when no artisan profile but user exists" time="0.001">
    </testcase>
    <testcase classname="artisanProfile.service – getPublicArtisanProfile" name="throws 404 when neither profile nor user found" time="0.006">
    </testcase>
    <testcase classname="artisanProfile.service – resetArtisanTrialFeatures" name="resets trial features" time="0.001">
    </testcase>
    <testcase classname="artisanProfile.service – resetArtisanTrialFeatures" name="throws 404 when profile not found" time="0.005">
    </testcase>
  </testsuite>
  <testsuite name="supplier aiInsights — collectProductMetrics" errors="0" failures="0" skipped="0" timestamp="2026-05-03T23:00:28" time="10.212" tests="10">
    <testcase classname="supplier aiInsights — collectProductMetrics" name="returns product metrics with order counts" time="0.001">
    </testcase>
    <testcase classname="supplier aiInsights — collectProductMetrics" name="returns empty array when no products" time="0">
    </testcase>
    <testcase classname="supplier aiInsights — collectProductMetrics" name="handles null categoryId" time="0">
    </testcase>
    <testcase classname="supplier aiInsights — getAiInsights" name="returns insights from ML when healthy" time="0.001">
    </testcase>
    <testcase classname="supplier aiInsights — getAiInsights" name="returns cached result on second call without forceRefresh" time="0.001">
    </testcase>
    <testcase classname="supplier aiInsights — getAiInsights" name="throws when ML is unhealthy" time="0.01">
    </testcase>
    <testcase classname="supplier aiInsights — getAiInsights" name="handles empty products gracefully" time="0">
    </testcase>
    <testcase classname="supplier aiInsights — getAiInsights" name="handles ML predictBatch error gracefully" time="0.001">
    </testcase>
    <testcase classname="supplier aiInsights — retrainAiModel" name="triggers retraining with product metrics" time="0">
    </testcase>
    <testcase classname="supplier aiInsights — retrainAiModel" name="handles empty products during retrain" time="0.001">
    </testcase>
  </testsuite>
  <testsuite name="artisanProfile.controller — updateProfile" errors="0" failures="0" skipped="0" timestamp="2026-05-03T23:00:38" time="7.742" tests="15">
    <testcase classname="artisanProfile.controller — updateProfile" name="updates profile successfully" time="0.013">
    </testcase>
    <testcase classname="artisanProfile.controller — updateProfile" name="uploads image when file provided" time="0.016">
    </testcase>
    <testcase classname="artisanProfile.controller — updateProfile" name="parses coordinates when provided" time="0.002">
    </testcase>
    <testcase classname="artisanProfile.controller — updateProfile" name="handles invalid coordinates gracefully" time="0.037">
    </testcase>
    <testcase classname="artisanProfile.controller — updateProfile" name="returns error status on service failure" time="0.007">
    </testcase>
    <testcase classname="artisanProfile.controller — updateProfile" name="returns 500 on unexpected error" time="0.006">
    </testcase>
    <testcase classname="artisanProfile.controller — getMyProfile" name="returns profile successfully" time="0">
    </testcase>
    <testcase classname="artisanProfile.controller — getMyProfile" name="returns error on service failure" time="0.005">
    </testcase>
    <testcase classname="artisanProfile.controller — updateLocation" name="returns 400 when lat/lng missing" time="0">
    </testcase>
    <testcase classname="artisanProfile.controller — updateLocation" name="updates location successfully" time="0">
    </testcase>
    <testcase classname="artisanProfile.controller — updateLocation" name="returns error on service failure" time="0.006">
    </testcase>
    <testcase classname="artisanProfile.controller — getPublicProfile" name="returns public profile" time="0">
    </testcase>
    <testcase classname="artisanProfile.controller — getPublicProfile" name="returns error on service failure" time="0.005">
    </testcase>
    <testcase classname="artisanProfile.controller — resetTrialFeatures" name="resets trial features successfully" time="0.001">
    </testcase>
    <testcase classname="artisanProfile.controller — resetTrialFeatures" name="returns error on service failure" time="0.005">
    </testcase>
  </testsuite>
  <testsuite name="supplier.getMyProducts" errors="0" failures="0" skipped="0" timestamp="2026-05-03T23:00:46" time="9.36" tests="13">
    <testcase classname="supplier.getMyProducts" name="returns products" time="0.001">
    </testcase>
    <testcase classname="supplier.getMyProducts" name="returns 400 on error" time="0.001">
    </testcase>
    <testcase classname="supplier.createProduct" name="returns 400 if data payload invalid JSON" time="0">
    </testcase>
    <testcase classname="supplier.createProduct" name="returns 400 if validation fails (missing name)" time="0.001">
    </testcase>
    <testcase classname="supplier.createProduct" name="creates product without files" time="0">
    </testcase>
    <testcase classname="supplier.createProduct" name="creates product with image files" time="0">
    </testcase>
    <testcase classname="supplier.updateProduct" name="returns 404 if product not found" time="0.103">
    </testcase>
    <testcase classname="supplier.updateProduct" name="updates product successfully" time="0.001">
    </testcase>
    <testcase classname="supplier.deleteProduct" name="returns 400 if product not found" time="0">
    </testcase>
    <testcase classname="supplier.deleteProduct" name="deletes product and returns ok" time="0">
    </testcase>
    <testcase classname="supplier.getStats" name="returns stats" time="0">
    </testcase>
    <testcase classname="supplier.getStats" name="returns 400 on error" time="0">
    </testcase>
    <testcase classname="supplier.getCategories" name="returns categories" time="0">
    </testcase>
  </testsuite>
  <testsuite name="search.controller – searchArtisans" errors="0" failures="0" skipped="0" timestamp="2026-05-03T23:00:55" time="6.156" tests="8">
    <testcase classname="search.controller – searchArtisans" name="returns results on success" time="0.001">
    </testcase>
    <testcase classname="search.controller – searchArtisans" name="converts distance from km to meters" time="0">
    </testcase>
    <testcase classname="search.controller – searchArtisans" name="uses default 20km when no distance provided" time="0">
    </testcase>
    <testcase classname="search.controller – searchArtisans" name="returns 500 on service error" time="0.094">
    </testcase>
    <testcase classname="search.controller – searchArtisans" name="uses statusCode from error" time="0.012">
    </testcase>
    <testcase classname="search.controller – getNearbyArtisans" name="returns 400 when lat/lng missing" time="0.001">
    </testcase>
    <testcase classname="search.controller – getNearbyArtisans" name="returns nearby artisans on success" time="0">
    </testcase>
    <testcase classname="search.controller – getNearbyArtisans" name="returns 500 on service error" time="0.013">
    </testcase>
  </testsuite>
  <testsuite name="messages.controller — sendMessage" errors="0" failures="0" skipped="0" timestamp="2026-05-03T23:01:01" time="7.165" tests="16">
    <testcase classname="messages.controller — sendMessage" name="sends message and returns 201" time="0.004">
    </testcase>
    <testcase classname="messages.controller — sendMessage" name="returns 500 on error" time="0.092">
    </testcase>
    <testcase classname="messages.controller — sendMessage" name="returns 403 on unauthorized error" time="0.013">
    </testcase>
    <testcase classname="messages.controller — sendDirectMessage" name="returns 400 if receiverId missing" time="0.001">
    </testcase>
    <testcase classname="messages.controller — sendDirectMessage" name="returns 400 if content and files both empty" time="0.001">
    </testcase>
    <testcase classname="messages.controller — sendDirectMessage" name="sends direct message successfully" time="0">
    </testcase>
    <testcase classname="messages.controller — sendDirectMessage" name="sends message with file attachment" time="0.001">
    </testcase>
    <testcase classname="messages.controller — sendDirectMessage" name="returns 500 on service error" time="0.009">
    </testcase>
    <testcase classname="messages.controller — getOrderMessages" name="returns messages for order" time="0.001">
    </testcase>
    <testcase classname="messages.controller — getOrderMessages" name="returns 500 on error" time="0.01">
    </testcase>
    <testcase classname="messages.controller — getConversation" name="returns conversation messages" time="0.001">
    </testcase>
    <testcase classname="messages.controller — getConversation" name="returns 500 on error" time="0.008">
    </testcase>
    <testcase classname="messages.controller — getRecentConversations" name="returns recent conversations" time="0.001">
    </testcase>
    <testcase classname="messages.controller — markAsRead" name="marks message as read" time="0">
    </testcase>
    <testcase classname="messages.controller — markAsRead" name="returns 404 on not found" time="0.01">
    </testcase>
    <testcase classname="messages.controller — getUnreadCount" name="returns unread count" time="0">
    </testcase>
  </testsuite>
  <testsuite name="authMiddleware – authRequired" errors="0" failures="0" skipped="0" timestamp="2026-05-03T23:01:09" time="8.336" tests="7">
    <testcase classname="authMiddleware – authRequired" name="returns 401 when no Authorization header" time="0.001">
    </testcase>
    <testcase classname="authMiddleware – authRequired" name="returns 401 when scheme is not Bearer" time="0">
    </testcase>
    <testcase classname="authMiddleware – authRequired" name="returns 401 when Bearer token is missing" time="0">
    </testcase>
    <testcase classname="authMiddleware – authRequired" name="returns 401 when jwt.verify throws" time="0.076">
    </testcase>
    <testcase classname="authMiddleware – authRequired" name="returns 401 when user not found in DB" time="0.001">
    </testcase>
    <testcase classname="authMiddleware – authRequired" name="returns 403 when user is BLOCKED" time="0">
    </testcase>
    <testcase classname="authMiddleware – authRequired" name="calls next() and sets req.user when token is valid" time="0.001">
    </testcase>
  </testsuite>
  <testsuite name="ai.controller – suggestProject" errors="0" failures="0" skipped="0" timestamp="2026-05-03T23:01:17" time="6.538" tests="11">
    <testcase classname="ai.controller – suggestProject" name="returns suggestion on success" time="0.001">
    </testcase>
    <testcase classname="ai.controller – suggestProject" name="calls next on error" time="0">
    </testcase>
    <testcase classname="ai.controller – suggestProduct" name="returns product suggestion" time="0">
    </testcase>
    <testcase classname="ai.controller – suggestProduct" name="calls next on error" time="0">
    </testcase>
    <testcase classname="ai.controller – suggestQuoteFromProject" name="returns 400 when projectId missing" time="0">
    </testcase>
    <testcase classname="ai.controller – suggestQuoteFromProject" name="returns 404 when project not found" time="0">
    </testcase>
    <testcase classname="ai.controller – suggestQuoteFromProject" name="returns 403 when project belongs to different artisan" time="0">
    </testcase>
    <testcase classname="ai.controller – suggestQuoteFromProject" name="returns quote suggestion on success" time="0">
    </testcase>
    <testcase classname="ai.controller – smartSearch" name="returns search results" time="0">
    </testcase>
    <testcase classname="ai.controller – smartSearch" name="uses defaults when query params missing" time="0.001">
    </testcase>
    <testcase classname="ai.controller – smartSearch" name="calls next on error" time="0">
    </testcase>
  </testsuite>
  <testsuite name="portfolio.controller – addProject" errors="0" failures="0" skipped="0" timestamp="2026-05-03T23:01:24" time="6.351" tests="11">
    <testcase classname="portfolio.controller – addProject" name="adds project and returns 201" time="0.009">
    </testcase>
    <testcase classname="portfolio.controller – addProject" name="includes trialInfo when isTrialAttempt is true" time="0.008">
    </testcase>
    <testcase classname="portfolio.controller – addProject" name="returns 500 on service error" time="0.084">
    </testcase>
    <testcase classname="portfolio.controller – addProject" name="uses statusCode from error" time="0.012">
    </testcase>
    <testcase classname="portfolio.controller – getMyPortfolio" name="returns portfolio on success" time="0.001">
    </testcase>
    <testcase classname="portfolio.controller – getMyPortfolio" name="returns 404 on not found error" time="0.008">
    </testcase>
    <testcase classname="portfolio.controller – getPublicPortfolio" name="returns public portfolio" time="0.001">
    </testcase>
    <testcase classname="portfolio.controller – getPublicPortfolio" name="returns 500 on error" time="0.008">
    </testcase>
    <testcase classname="portfolio.controller – getProject" name="returns project on success" time="0">
    </testcase>
    <testcase classname="portfolio.controller – getProject" name="returns 403 on unauthorized" time="0.013">
    </testcase>
    <testcase classname="portfolio.controller – deleteProject" name="deletes project and returns message" time="0">
    </testcase>
  </testsuite>
  <testsuite name="artisanProfile.controller – updateProfile" errors="0" failures="0" skipped="0" timestamp="2026-05-03T23:01:30" time="5.874" tests="12">
    <testcase classname="artisanProfile.controller – updateProfile" name="updates profile without image" time="0.007">
    </testcase>
    <testcase classname="artisanProfile.controller – updateProfile" name="uploads image when file is present" time="0.002">
    </testcase>
    <testcase classname="artisanProfile.controller – updateProfile" name="parses coordinates from body" time="0.002">
    </testcase>
    <testcase classname="artisanProfile.controller – updateProfile" name="returns 500 on service error" time="0.054">
    </testcase>
    <testcase classname="artisanProfile.controller – updateProfile" name="uses statusCode from error" time="0.008">
    </testcase>
    <testcase classname="artisanProfile.controller – getMyProfile" name="returns profile on success" time="0">
    </testcase>
    <testcase classname="artisanProfile.controller – getMyProfile" name="returns 404 when profile not found" time="0.007">
    </testcase>
    <testcase classname="artisanProfile.controller – updateLocation" name="returns 400 when lat/lng missing" time="0.001">
    </testcase>
    <testcase classname="artisanProfile.controller – updateLocation" name="updates location on success" time="0">
    </testcase>
    <testcase classname="artisanProfile.controller – getPublicProfile" name="returns public profile" time="0">
    </testcase>
    <testcase classname="artisanProfile.controller – getPublicProfile" name="returns 404 when not found" time="0.008">
    </testcase>
    <testcase classname="artisanProfile.controller – resetTrialFeatures" name="resets trial features" time="0.001">
    </testcase>
  </testsuite>
  <testsuite name="supplier.controller – getMyProducts" errors="0" failures="0" skipped="0" timestamp="2026-05-03T23:01:36" time="6.451" tests="13">
    <testcase classname="supplier.controller – getMyProducts" name="returns products on success" time="0.001">
    </testcase>
    <testcase classname="supplier.controller – getMyProducts" name="returns 400 on error" time="0.001">
    </testcase>
    <testcase classname="supplier.controller – createProduct" name="returns 400 when JSON payload is invalid" time="0">
    </testcase>
    <testcase classname="supplier.controller – createProduct" name="returns 400 when validation fails (missing name)" time="0.001">
    </testcase>
    <testcase classname="supplier.controller – createProduct" name="creates product on valid payload" time="0">
    </testcase>
    <testcase classname="supplier.controller – createProduct" name="returns 400 on service error" time="0.069">
    </testcase>
    <testcase classname="supplier.controller – deleteProduct" name="deletes product on success" time="0">
    </testcase>
    <testcase classname="supplier.controller – deleteProduct" name="returns 400 on error" time="0">
    </testcase>
    <testcase classname="supplier.controller – getStats" name="returns stats on success" time="0.001">
    </testcase>
    <testcase classname="supplier.controller – validateCreateProductPayload" name="rejects price &lt;= 0" time="0">
    </testcase>
    <testcase classname="supplier.controller – validateCreateProductPayload" name="rejects stock &lt; 0" time="0.001">
    </testcase>
    <testcase classname="supplier.controller – validateCreateProductPayload" name="rejects description shorter than 10 chars" time="0">
    </testcase>
    <testcase classname="supplier.controller – validateCreateProductPayload" name="rejects missing category" time="0">
    </testcase>
  </testsuite>
  <testsuite name="Wendy backend tests - user management" errors="0" failures="0" skipped="0" timestamp="2026-05-03T23:01:42" time="3.925" tests="31">
    <testcase classname="Wendy backend tests - user management" name="user table management backend exists" time="0.001">
    </testcase>
    <testcase classname="Wendy backend tests - user management" name="user CRUD routes/controllers exist" time="0.002">
    </testcase>
    <testcase classname="Wendy backend tests - fournisseur profile and CRUD" name="fournisseur profile backend exists with supplier fields" time="0">
    </testcase>
    <testcase classname="Wendy backend tests - fournisseur profile and CRUD" name="fournisseur relation with user exists" time="0">
    </testcase>
    <testcase classname="Wendy backend tests - fournisseur profile and CRUD" name="fournisseur CRUD operations exist" time="0.001">
    </testcase>
    <testcase classname="Wendy backend tests - fournisseur file management" name="supplier file management/upload support exists" time="0">
    </testcase>
    <testcase classname="Wendy backend tests - fournisseur file management" name="supplier document/file CRUD evidence exists" time="0.002">
    </testcase>
    <testcase classname="Wendy backend tests - artisan order request system" name="artisan order request backend exists" time="0">
    </testcase>
    <testcase classname="Wendy backend tests - artisan order request system" name="auto order number generation exists" time="0">
    </testcase>
    <testcase classname="Wendy backend tests - artisan order request system" name="ongoing orders and order history status filtering exist" time="0.001">
    </testcase>
    <testcase classname="Wendy backend tests - artisan order request system" name="artisan and supplier order history exists" time="0.002">
    </testcase>
    <testcase classname="Wendy backend tests - artisan order request system" name="supplier dashboard statistics backend exists" time="0">
    </testcase>
    <testcase classname="Wendy backend tests - order email notifications" name="email is sent when artisan places an order" time="0.001">
    </testcase>
    <testcase classname="Wendy backend tests - order email notifications" name="artisan is notified when order is ready" time="0.001">
    </testcase>
    <testcase classname="Wendy backend tests - AI, ML and insights" name="AI insights backend exists for fournisseur/artisan" time="0">
    </testcase>
    <testcase classname="Wendy backend tests - AI, ML and insights" name="ML microservice integration exists" time="0.003">
    </testcase>
    <testcase classname="Wendy backend tests - AI, ML and insights" name="ML retraining endpoint/evidence exists" time="0">
    </testcase>
    <testcase classname="Wendy backend tests - realtime orders and notifications" name="real-time orders backend exists" time="0">
    </testcase>
    <testcase classname="Wendy backend tests - realtime orders and notifications" name="notification system exists" time="0.001">
    </testcase>
    <testcase classname="Wendy backend tests - favorites, cart and reviews" name="favorites system backend exists" time="0">
    </testcase>
    <testcase classname="Wendy backend tests - favorites, cart and reviews" name="cart system backend exists" time="0">
    </testcase>
    <testcase classname="Wendy backend tests - favorites, cart and reviews" name="review system backend exists" time="0">
    </testcase>
    <testcase classname="Wendy backend tests - search and artisan portfolio" name="artisan portfolio backend exists" time="0">
    </testcase>
    <testcase classname="Wendy backend tests - search and artisan portfolio" name="prescripteur search backend exists" time="0">
    </testcase>
    <testcase classname="Wendy backend tests - DevOps compatibility" name="backend has enough source files for meaningful feature coverage" time="0">
    </testcase>
    <testcase classname="Wendy backend tests - DevOps compatibility" name="package test script exists" time="0.005">
    </testcase>
    <testcase classname="Wendy backend tests - DevOps compatibility › Wendy backend - Coverage improvement tests" name="simple utility functions coverage" time="0">
    </testcase>
    <testcase classname="Wendy backend tests - DevOps compatibility › Wendy backend - Coverage improvement tests" name="formatPrice function should work correctly" time="0.001">
    </testcase>
    <testcase classname="Wendy backend tests - DevOps compatibility › Wendy backend - Coverage improvement tests" name="email validation function should work" time="0">
    </testcase>
    <testcase classname="Wendy backend tests - DevOps compatibility › Wendy backend - Coverage improvement tests" name="calculateTotal function should sum prices correctly" time="0">
    </testcase>
    <testcase classname="Wendy backend tests - DevOps compatibility › Wendy backend - Coverage improvement tests" name="phone validation should work" time="0">
    </testcase>
  </testsuite>
  <testsuite name="auth.service" errors="0" failures="0" skipped="0" timestamp="2026-05-03T23:01:46" time="3.512" tests="20">
    <testcase classname="auth.service" name="register creates user and returns dev verification link when email is not configured" time="0.297">
    </testcase>
    <testcase classname="auth.service" name="register rejects invalid role" time="0">
    </testcase>
    <testcase classname="auth.service" name="register rejects duplicate email" time="0.001">
    </testcase>
    <testcase classname="auth.service" name="login rejects missing identifier" time="0">
    </testcase>
    <testcase classname="auth.service" name="login rejects unverified email login" time="0.009">
    </testcase>
    <testcase classname="auth.service" name="login succeeds by phone even if email is not verified" time="0.027">
    </testcase>
    <testcase classname="auth.service" name="login unblocks expired blocked account and succeeds" time="0.004">
    </testcase>
    <testcase classname="auth.service" name="verifyEmail activates account with a valid token" time="0">
    </testcase>
    <testcase classname="auth.service" name="verifyEmail rejects missing token" time="0">
    </testcase>
    <testcase classname="auth.service" name="resendVerification returns already verified message" time="0">
    </testcase>
    <testcase classname="auth.service" name="resendVerification generates dev link when smtp is disabled" time="0.001">
    </testcase>
    <testcase classname="auth.service" name="forgotPassword returns generic success when email does not exist" time="0.001">
    </testcase>
    <testcase classname="auth.service" name="forgotPassword returns dev link for active existing account when email is not configured" time="0.001">
    </testcase>
    <testcase classname="auth.service" name="resetPassword updates password and clears reset token" time="0.253">
    </testcase>
    <testcase classname="auth.service" name="resetPassword rejects invalid token" time="0.001">
    </testcase>
    <testcase classname="auth.service" name="changePassword rejects wrong current password" time="0.01">
    </testcase>
    <testcase classname="auth.service" name="phoneStart sends SMS when phone exists" time="0.001">
    </testcase>
    <testcase classname="auth.service" name="phoneStart rejects blocked phone account" time="0.001">
    </testcase>
    <testcase classname="auth.service" name="phoneVerify returns token for approved code" time="0.002">
    </testcase>
    <testcase classname="auth.service" name="phoneVerify rejects invalid code" time="0.001">
    </testcase>
  </testsuite>
  <testsuite name="projects.controller" errors="0" failures="0" skipped="0" timestamp="2026-05-03T23:01:50" time="1.985" tests="12">
    <testcase classname="projects.controller" name="createProject rejects missing title" time="0.001">
    </testcase>
    <testcase classname="projects.controller" name="createProject creates artisan project" time="0.002">
    </testcase>
    <testcase classname="projects.controller" name="createProject accepts req.user.id fallback used by runtime auth payloads" time="0.001">
    </testcase>
    <testcase classname="projects.controller" name="listMyProjects returns only artisan projects" time="0">
    </testcase>
    <testcase classname="projects.controller" name="listAllProjects returns projects for prescripteur view" time="0.001">
    </testcase>
    <testcase classname="projects.controller" name="getProjectById returns 404 when project is missing" time="0">
    </testcase>
    <testcase classname="projects.controller" name="getProjectById blocks artisan from reading another artisan project" time="0.001">
    </testcase>
    <testcase classname="projects.controller" name="getProjectById allows prescripteur to read artisan project" time="0">
    </testcase>
    <testcase classname="projects.controller" name="updateProject updates fields, images and contact phone for owner artisan" time="0.002">
    </testcase>
    <testcase classname="projects.controller" name="updateProject rejects invalid numeric field" time="0.003">
    </testcase>
    <testcase classname="projects.controller" name="deleteProject rejects non owner artisan" time="0.001">
    </testcase>
    <testcase classname="projects.controller" name="deleteProject deletes owner project" time="0">
    </testcase>
  </testsuite>
  <testsuite name="uploadProducts middleware" errors="0" failures="0" skipped="0" timestamp="2026-05-03T23:01:52" time="1.602" tests="7">
    <testcase classname="uploadProducts middleware" name="exports uploadProductMedia as a function" time="0">
    </testcase>
    <testcase classname="uploadProducts middleware" name="rejects files with unsupported mimetype" time="0.003">
    </testcase>
    <testcase classname="uploadProducts middleware" name="accepts image/png mimetype" time="0.003">
    </testcase>
    <testcase classname="uploadProducts middleware" name="accepts image/jpeg mimetype" time="0">
    </testcase>
    <testcase classname="uploadProducts middleware" name="accepts image/webp mimetype" time="0">
    </testcase>
    <testcase classname="uploadProducts middleware" name="accepts application/pdf mimetype" time="0">
    </testcase>
    <testcase classname="uploadProducts middleware" name="rejects application/zip mimetype" time="0">
    </testcase>
  </testsuite>
  <testsuite name="orders.controller – createOrder" errors="0" failures="0" skipped="0" timestamp="2026-05-03T23:01:53" time="1.314" tests="14">
    <testcase classname="orders.controller – createOrder" name="creates order and returns 201" time="0.005">
    </testcase>
    <testcase classname="orders.controller – createOrder" name="returns 500 on service error" time="0.094">
    </testcase>
    <testcase classname="orders.controller – createOrder" name="uses statusCode from error when available" time="0.018">
    </testcase>
    <testcase classname="orders.controller – getMyOrders" name="returns orders on success" time="0.001">
    </testcase>
    <testcase classname="orders.controller – getMyOrders" name="splits status query param" time="0">
    </testcase>
    <testcase classname="orders.controller – updateOrderStatus" name="updates status and notifies artisan" time="0">
    </testcase>
    <testcase classname="orders.controller – updateOrderStatus" name="returns 500 on error" time="0.014">
    </testcase>
    <testcase classname="orders.controller – addSupplierNote" name="adds note and returns order" time="0.001">
    </testcase>
    <testcase classname="orders.controller – getOrderById" name="returns order on success" time="0">
    </testcase>
    <testcase classname="orders.controller – getOrderById" name="returns 403 on unauthorized error" time="0.009">
    </testcase>
    <testcase classname="orders.controller – submitReview" name="submits review and returns 200" time="0.001">
    </testcase>
    <testcase classname="orders.controller – submitReview" name="returns error status on failure" time="0">
    </testcase>
    <testcase classname="orders.controller – getArtisanActiveOrders" name="returns active orders" time="0">
    </testcase>
    <testcase classname="orders.controller – getSupplierOrders" name="returns supplier orders" time="0">
    </testcase>
  </testsuite>
  <testsuite name="serviceRequests.controller — create" errors="0" failures="0" skipped="0" timestamp="2026-05-03T23:01:55" time="1.463" tests="22">
    <testcase classname="serviceRequests.controller — create" name="rejects missing title" time="0.001">
    </testcase>
    <testcase classname="serviceRequests.controller — create" name="rejects missing trade" time="0">
    </testcase>
    <testcase classname="serviceRequests.controller — create" name="creates service request successfully" time="0.001">
    </testcase>
    <testcase classname="serviceRequests.controller — listMine" name="returns prescripteur requests" time="0">
    </testcase>
    <testcase classname="serviceRequests.controller — changeStatus" name="rejects invalid status" time="0">
    </testcase>
    <testcase classname="serviceRequests.controller — changeStatus" name="cancels an open request" time="0">
    </testcase>
    <testcase classname="serviceRequests.controller — changeStatus" name="returns 404 when request not found" time="0.001">
    </testcase>
    <testcase classname="serviceRequests.controller — reopen" name="rejects reopening a non-cancelled request" time="0">
    </testcase>
    <testcase classname="serviceRequests.controller — reopen" name="reopens a cancelled request and clears expired deadline" time="0.001">
    </testcase>
    <testcase classname="serviceRequests.controller — reopen" name="reopens a cancelled request with future deadline unchanged" time="0">
    </testcase>
    <testcase classname="serviceRequests.controller — apply" name="rejects applying to non-open request" time="0.002">
    </testcase>
    <testcase classname="serviceRequests.controller — apply" name="rejects duplicate application" time="0.001">
    </testcase>
    <testcase classname="serviceRequests.controller — apply" name="submits application and notifies prescripteur" time="0.001">
    </testcase>
    <testcase classname="serviceRequests.controller — apply" name="returns availability warning when artisan is busy on deadline" time="0.001">
    </testcase>
    <testcase classname="serviceRequests.controller — apply" name="no availability warning when artisan is available on deadline" time="0.001">
    </testcase>
    <testcase classname="serviceRequests.controller — withdraw" name="rejects withdraw from non-open request" time="0">
    </testcase>
    <testcase classname="serviceRequests.controller — withdraw" name="rejects withdraw when no application found" time="0.001">
    </testcase>
    <testcase classname="serviceRequests.controller — withdraw" name="rejects withdraw of accepted application" time="0.001">
    </testcase>
    <testcase classname="serviceRequests.controller — withdraw" name="withdraws pending application successfully" time="0">
    </testcase>
    <testcase classname="serviceRequests.controller — listOpen (artisan)" name="auto-filters by artisan trade when no trade param" time="0.001">
    </testcase>
    <testcase classname="serviceRequests.controller — listOpen (artisan)" name="remaps prescripteurId to prescripteur in response" time="0">
    </testcase>
    <testcase classname="serviceRequests.controller — listOpen (artisan)" name="marks hasApplied correctly" time="0.001">
    </testcase>
  </testsuite>
  <testsuite name="documents.controller" errors="0" failures="0" skipped="0" timestamp="2026-05-03T23:01:56" time="1.187" tests="3">
    <testcase classname="documents.controller" name="listMyDocuments returns quotes and invoices for artisan" time="0.001">
    </testcase>
    <testcase classname="documents.controller" name="createQuote creates a quote from project id" time="0.001">
    </testcase>
    <testcase classname="documents.controller" name="createInvoice creates invoice from quote id" time="0.001">
    </testcase>
  </testsuite>
  <testsuite name="Graja tests - auth, notifications and account security" errors="0" failures="0" skipped="0" timestamp="2026-05-03T23:01:57" time="1.894" tests="15">
    <testcase classname="Graja tests - auth, notifications and account security" name="email notification, forgot password, reset password and direct mail login are covered by auth files" time="0.047">
    </testcase>
    <testcase classname="Graja tests - auth, notifications and account security" name="Face ID has both passkey/WebAuthn and camera fallback routes/components" time="0.013">
    </testcase>
    <testcase classname="Graja tests - auth, notifications and account security" name="SMS/phone verification login evidence is present" time="0.01">
    </testcase>
    <testcase classname="Graja tests - AI, ML, fraud, analytics and admin dashboard" name="Ollama/AI project generation and AI quote/invoice assistance files exist" time="0.01">
    </testcase>
    <testcase classname="Graja tests - AI, ML, fraud, analytics and admin dashboard" name="ML prediction, project risk and delay calculation evidence exists" time="0.017">
    </testcase>
    <testcase classname="Graja tests - AI, ML, fraud, analytics and admin dashboard" name="fraud detection and admin analytics/activity logs are covered" time="0.009">
    </testcase>
    <testcase classname="Graja tests - messaging, documents, media and Cloudinary" name="messagerie supports update/delete/archive and realtime notification evidence" time="0.007">
    </testcase>
    <testcase classname="Graja tests - messaging, documents, media and Cloudinary" name="PDF, image and voice messaging uploads are covered" time="0.012">
    </testcase>
    <testcase classname="Graja tests - messaging, documents, media and Cloudinary" name="Cloudinary image saving API configuration is present" time="0.01">
    </testcase>
    <testcase classname="Graja tests - artisan, prescripteur, projects, quotes and invoices" name="artisan CRUD, artisan profile and admin artisan dashboard evidence exists" time="0.034">
    </testcase>
    <testcase classname="Graja tests - artisan, prescripteur, projects, quotes and invoices" name="prescripteur can view projects and project pagination/actions evidence exists" time="0.034">
    </testcase>
    <testcase classname="Graja tests - artisan, prescripteur, projects, quotes and invoices" name="devis/quotes and invoices CRUD with PDF/Excel evidence exists" time="0.012">
    </testcase>
    <testcase classname="Graja tests - translation, accessibility, location and UI fixes" name="LibreTranslate/translation API integration evidence exists" time="0.026">
    </testcase>
    <testcase classname="Graja tests - translation, accessibility, location and UI fixes" name="accessibility: mouse selection descriptions, text-to-speech, voice navigation and microphone support are present" time="0.016">
    </testcase>
    <testcase classname="Graja tests - translation, accessibility, location and UI fixes" name="localisation/map picker/profile and project location fixes are present" time="0.017">
    </testcase>
  </testsuite>
  <testsuite name="messages.controller" errors="0" failures="0" skipped="0" timestamp="2026-05-03T23:01:59" time="1.904" tests="1">
    <testcase classname="messages.controller" name="sendDirectMessage merges uploaded files and body attachments and uses req.user.id fallback" time="0.001">
    </testcase>
  </testsuite>
  <testsuite name="roleMiddleware – requireRoles" errors="0" failures="0" skipped="0" timestamp="2026-05-03T23:02:01" time="1.496" tests="6">
    <testcase classname="roleMiddleware – requireRoles" name="returns 401 when req.user is undefined" time="0">
    </testcase>
    <testcase classname="roleMiddleware – requireRoles" name="returns 401 when req.user.role is undefined" time="0">
    </testcase>
    <testcase classname="roleMiddleware – requireRoles" name="returns 403 when role is not in allowed list" time="0">
    </testcase>
    <testcase classname="roleMiddleware – requireRoles" name="calls next() when role is allowed" time="0.001">
    </testcase>
    <testcase classname="roleMiddleware – requireRoles" name="calls next() for ADMIN role" time="0">
    </testcase>
    <testcase classname="roleMiddleware – requireRoles" name="handles single allowed role correctly" time="0">
    </testcase>
  </testsuite>
  <testsuite name="ml.client — predictBatch" errors="0" failures="0" skipped="0" timestamp="2026-05-03T23:02:03" time="1.701" tests="16">
    <testcase classname="ml.client — predictBatch" name="returns results on success" time="0.001">
    </testcase>
    <testcase classname="ml.client — predictBatch" name="returns empty array when results missing" time="0">
    </testcase>
    <testcase classname="ml.client — predictBatch" name="throws when ML service returns non-ok" time="0.008">
    </testcase>
    <testcase classname="ml.client — predictBatch" name="throws on network error" time="0.065">
    </testcase>
    <testcase classname="ml.client — predictBatch" name="throws timeout error on AbortError" time="0.001">
    </testcase>
    <testcase classname="ml.client — retrainModel" name="returns retrain result on success" time="0.001">
    </testcase>
    <testcase classname="ml.client — retrainModel" name="throws when retrain fails" time="0.001">
    </testcase>
    <testcase classname="ml.client — retrainModel" name="throws timeout on AbortError" time="0">
    </testcase>
    <testcase classname="ml.client — retrainModel" name="throws on network error" time="0.003">
    </testcase>
    <testcase classname="ml.client — getModelMeta" name="returns meta on success" time="0.002">
    </testcase>
    <testcase classname="ml.client — getModelMeta" name="returns null when service returns non-ok" time="0">
    </testcase>
    <testcase classname="ml.client — getModelMeta" name="returns null on network error" time="0">
    </testcase>
    <testcase classname="ml.client — getModelMeta" name="returns null when meta field missing" time="0.001">
    </testcase>
    <testcase classname="ml.client — isHealthy" name="returns true when service is healthy" time="0">
    </testcase>
    <testcase classname="ml.client — isHealthy" name="returns false when service returns non-ok" time="0">
    </testcase>
    <testcase classname="ml.client — isHealthy" name="returns false on network error" time="0">
    </testcase>
  </testsuite>
  <testsuite name="expireServiceRequests job" errors="0" failures="0" skipped="3" timestamp="2026-05-03T23:02:05" time="8.784" tests="3">
    <testcase classname="expireServiceRequests job" name="cancels OPEN requests with past deadline" time="0">
      <skipped/>
    </testcase>
    <testcase classname="expireServiceRequests job" name="does nothing when no requests are expired" time="0">
      <skipped/>
    </testcase>
    <testcase classname="expireServiceRequests job" name="handles DB errors gracefully without throwing" time="0">
      <skipped/>
    </testcase>
  </testsuite>
  <testsuite name="DevOps feature evidence coverage" errors="0" failures="0" skipped="0" timestamp="2026-05-03T23:02:13" time="2" tests="3">
    <testcase classname="DevOps feature evidence coverage" name="core authentication and notification modules exist" time="0.011">
    </testcase>
    <testcase classname="DevOps feature evidence coverage" name="AI, ML, messaging and Cloudinary related project assets exist" time="0.015">
    </testcase>
    <testcase classname="DevOps feature evidence coverage" name="DevOps assets required by teacher are present" time="0.03">
    </testcase>
  </testsuite>
  <testsuite name="serviceRequestEmail" errors="0" failures="0" skipped="0" timestamp="2026-05-03T23:02:15" time="1.56" tests="5">
    <testcase classname="serviceRequestEmail" name="sendApplicationReceivedEmail sends email when SMTP configured" time="0.026">
    </testcase>
    <testcase classname="serviceRequestEmail" name="sendApplicationReceivedEmail skips when SMTP not configured" time="0">
    </testcase>
    <testcase classname="serviceRequestEmail" name="sendApplicationAcceptedEmail sends email when SMTP configured" time="0.002">
    </testcase>
    <testcase classname="serviceRequestEmail" name="sendApplicationAcceptedEmail skips when SMTP not configured" time="0.003">
    </testcase>
    <testcase classname="serviceRequestEmail" name="sendApplicationReceivedEmail does not throw on sendMail failure" time="0.013">
    </testcase>
  </testsuite>
  <testsuite name="apiResponse utility" errors="0" failures="0" skipped="0" timestamp="2026-05-03T23:02:17" time="1.602" tests="7">
    <testcase classname="apiResponse utility" name="sends 200 with success=true by default" time="0.001">
    </testcase>
    <testcase classname="apiResponse utility" name="sends 201 with success=true" time="0.001">
    </testcase>
    <testcase classname="apiResponse utility" name="sends 400 with success=false" time="0">
    </testcase>
    <testcase classname="apiResponse utility" name="sends 404 with success=false" time="0.001">
    </testcase>
    <testcase classname="apiResponse utility" name="defaults data to null when not provided" time="0">
    </testcase>
    <testcase classname="apiResponse utility" name="handles array data" time="0">
    </testcase>
    <testcase classname="apiResponse utility" name="handles 500 with success=false" time="0.001">
    </testcase>
  </testsuite>
  <testsuite name="messages.service" errors="0" failures="0" skipped="0" timestamp="2026-05-03T23:02:19" time="1.474" tests="3">
    <testcase classname="messages.service" name="sendDirectMessage persists attachments" time="0.001">
    </testcase>
    <testcase classname="messages.service" name="sendDirectMessage normalizes attachment payloads received as a JSON string" time="0.003">
    </testcase>
    <testcase classname="messages.service" name="getConversation marks unread incoming messages as read before loading" time="0.001">
    </testcase>
  </testsuite>
  <testsuite name="notify util" errors="0" failures="0" skipped="0" timestamp="2026-05-03T23:02:20" time="1.318" tests="2">
    <testcase classname="notify util" name="persists and emits realtime notification to a user" time="0.001">
    </testcase>
    <testcase classname="notify util" name="returns undefined and does not throw when notification persistence fails" time="0.014">
    </testcase>
  </testsuite>
  <testsuite name="Core backend functionality tests" errors="0" failures="0" skipped="0" timestamp="2026-05-03T23:02:22" time="1.382" tests="5">
    <testcase classname="Core backend functionality tests" name="database connection string is defined" time="0.001">
    </testcase>
    <testcase classname="Core backend functionality tests" name="User model file exists" time="0.004">
    </testcase>
    <testcase classname="Core backend functionality tests" name="Order model file exists" time="0.004">
    </testcase>
    <testcase classname="Core backend functionality tests" name="error handler file exists" time="0.004">
    </testcase>
    <testcase classname="Core backend functionality tests" name="notify util file exists" time="0.004">
    </testcase>
  </testsuite>
</testsuites>